Starting Dapr with id rest-client. HTTP Port: 64041. gRPC Port: 64042
Updating metadata for cliPID: 51345
time="2026-01-27T16:05:55.054603-05:00" level=info msg="Starting Dapr Runtime -- version 1.16.7 -- commit f47f8e13a6e39869ac2b01fe984ad2177e357445" app_id=rest-client instance=Mac.nolongerbound scope=dapr.runtime type=log ver=1.16.7
time="2026-01-27T16:05:55.054651-05:00" level=info msg="Log level set to: info" app_id=rest-client instance=Mac.nolongerbound scope=dapr.runtime type=log ver=1.16.7
time="2026-01-27T16:05:55.055151-05:00" level=warning msg="mTLS is disabled. Skipping certificate request and tls validation" app_id=rest-client instance=Mac.nolongerbound scope=dapr.runtime.security type=log ver=1.16.7
time="2026-01-27T16:05:55.058296-05:00" level=info msg="Enabled features: SchedulerReminders" app_id=rest-client instance=Mac.nolongerbound scope=dapr.runtime type=log ver=1.16.7
time="2026-01-27T16:05:55.058495-05:00" level=info msg="metric spec: {\"enabled\":true}" app_id=rest-client instance=Mac.nolongerbound scope=dapr.runtime.diagnostics type=log ver=1.16.7
time="2026-01-27T16:05:55.058518-05:00" level=info msg="Using default latency distribution buckets: [1 2 3 4 5 6 8 10 13 16 20 25 30 40 50 65 80 100 130 160 200 250 300 400 500 650 800 1000 2000 5000 10000 20000 50000 100000]" app_id=rest-client instance=Mac.nolongerbound scope=dapr.runtime.diagnostics type=log ver=1.16.7
time="2026-01-27T16:05:55.058948-05:00" level=warning msg="The default value for 'spec.metric.http.increasedCardinality' will change to 'false' in Dapr 1.15 or later" app_id=rest-client instance=Mac.nolongerbound scope=dapr.runtime.diagnostics type=log ver=1.16.7
time="2026-01-27T16:05:55.060427-05:00" level=info msg="standalone mode configured" app_id=rest-client instance=Mac.nolongerbound scope=dapr.runtime type=log ver=1.16.7
time="2026-01-27T16:05:55.060448-05:00" level=info msg="app id: rest-client" app_id=rest-client instance=Mac.nolongerbound scope=dapr.runtime type=log ver=1.16.7
time="2026-01-27T16:05:55.060936-05:00" level=info msg="metrics server started on 0.0.0.0:64043/" app_id=rest-client instance=Mac.nolongerbound scope=dapr.runtime type=log ver=1.16.7
time="2026-01-27T16:05:55.062875-05:00" level=info msg="Dapr trace sampler initialized: ParentBased{root:AlwaysOnSampler,remoteParentSampled:AlwaysOnSampler,remoteParentNotSampled:AlwaysOffSampler,localParentSampled:AlwaysOnSampler,localParentNotSampled:AlwaysOffSampler}" app_id=rest-client instance=Mac.nolongerbound scope=dapr.runtime type=log ver=1.16.7
time="2026-01-27T16:05:55.06488-05:00" level=info msg="local service entry announced: rest-client -> 192.168.11.124:64044" app_id=rest-client component="nr (mdns/v1)" instance=Mac.nolongerbound scope=dapr.contrib type=log ver=1.16.7
time="2026-01-27T16:05:55.064903-05:00" level=info msg="Initialized name resolution to mdns" app_id=rest-client instance=Mac.nolongerbound scope=dapr.runtime type=log ver=1.16.7
time="2026-01-27T16:05:55.066932-05:00" level=info msg="Loading components…" app_id=rest-client instance=Mac.nolongerbound scope=dapr.runtime type=log ver=1.16.7
time="2026-01-27T16:05:55.067496-05:00" level=info msg="Waiting for all outstanding components to be processed…" app_id=rest-client instance=Mac.nolongerbound scope=dapr.runtime type=log ver=1.16.7
time="2026-01-27T16:05:55.071729-05:00" level=info msg="Connected and received scheduler hosts addresses: [localhost:50006]" app_id=rest-client instance=Mac.nolongerbound scope=dapr.runtime.scheduler.watchhosts type=log ver=1.16.7
time="2026-01-27T16:05:55.071839-05:00" level=info msg="Scheduler client initialized for address: localhost:50006" app_id=rest-client instance=Mac.nolongerbound scope=dapr.runtime.scheduler.clients type=log ver=1.16.7
time="2026-01-27T16:05:55.071852-05:00" level=info msg="Scheduler clients initialized" app_id=rest-client instance=Mac.nolongerbound scope=dapr.runtime.scheduler.clients type=log ver=1.16.7
time="2026-01-27T16:05:55.076374-05:00" level=info msg="Using 'statestore' as actor state store" app_id=rest-client instance=Mac.nolongerbound scope=dapr.runtime.processor.state type=log ver=1.16.7
time="2026-01-27T16:05:55.076574-05:00" level=info msg="Component loaded: statestore (state.redis/v1)" app_id=rest-client instance=Mac.nolongerbound scope=dapr.runtime.processor type=log ver=1.16.7
time="2026-01-27T16:05:55.076595-05:00" level=info msg="All outstanding components processed" app_id=rest-client instance=Mac.nolongerbound scope=dapr.runtime type=log ver=1.16.7
time="2026-01-27T16:05:55.076606-05:00" level=info msg="Loading endpoints…" app_id=rest-client instance=Mac.nolongerbound scope=dapr.runtime type=log ver=1.16.7
time="2026-01-27T16:05:55.076753-05:00" level=info msg="Waiting for all outstanding http endpoints to be processed…" app_id=rest-client instance=Mac.nolongerbound scope=dapr.runtime type=log ver=1.16.7
time="2026-01-27T16:05:55.076765-05:00" level=info msg="All outstanding http endpoints processed" app_id=rest-client instance=Mac.nolongerbound scope=dapr.runtime type=log ver=1.16.7
time="2026-01-27T16:05:55.076917-05:00" level=info msg="Loading Declarative Subscriptions…" app_id=rest-client instance=Mac.nolongerbound scope=dapr.runtime type=log ver=1.16.7
time="2026-01-27T16:05:55.077296-05:00" level=info msg="gRPC server listening on TCP address: :64042" app_id=rest-client instance=Mac.nolongerbound scope=dapr.runtime.grpc.api type=log ver=1.16.7
time="2026-01-27T16:05:55.077455-05:00" level=info msg="Enabled gRPC tracing middleware" app_id=rest-client instance=Mac.nolongerbound scope=dapr.runtime.grpc.api type=log ver=1.16.7
time="2026-01-27T16:05:55.077468-05:00" level=info msg="Enabled gRPC metrics middleware" app_id=rest-client instance=Mac.nolongerbound scope=dapr.runtime.grpc.api type=log ver=1.16.7
time="2026-01-27T16:05:55.077833-05:00" level=info msg="Registering workflow engine for gRPC endpoint: [::]:64042" app_id=rest-client instance=Mac.nolongerbound scope=dapr.runtime.grpc.api type=log ver=1.16.7
time="2026-01-27T16:05:55.078108-05:00" level=info msg="API gRPC server is running on port 64042" app_id=rest-client instance=Mac.nolongerbound scope=dapr.runtime type=log ver=1.16.7
time="2026-01-27T16:05:55.078298-05:00" level=warning msg="The default value for 'spec.metric.http.increasedCardinality' will change to 'false' in Dapr 1.15 or later" app_id=rest-client instance=Mac.nolongerbound scope=dapr.runtime.http type=log ver=1.16.7
time="2026-01-27T16:05:55.078631-05:00" level=info msg="Enabled max body size HTTP middleware with size 4194304 bytes" app_id=rest-client instance=Mac.nolongerbound scope=dapr.runtime.http type=log ver=1.16.7
time="2026-01-27T16:05:55.078639-05:00" level=info msg="Enabled tracing HTTP middleware" app_id=rest-client instance=Mac.nolongerbound scope=dapr.runtime.http type=log ver=1.16.7
time="2026-01-27T16:05:55.078644-05:00" level=info msg="Enabled metrics HTTP middleware" app_id=rest-client instance=Mac.nolongerbound scope=dapr.runtime.http type=log ver=1.16.7
time="2026-01-27T16:05:55.07897-05:00" level=info msg="HTTP server listening on TCP address: :64041" app_id=rest-client instance=Mac.nolongerbound scope=dapr.runtime.http type=log ver=1.16.7
time="2026-01-27T16:05:55.079255-05:00" level=info msg="HTTP server is running on port 64041" app_id=rest-client instance=Mac.nolongerbound scope=dapr.runtime type=log ver=1.16.7
time="2026-01-27T16:05:55.079265-05:00" level=info msg="The request body size parameter is: 4194304 bytes" app_id=rest-client instance=Mac.nolongerbound scope=dapr.runtime type=log ver=1.16.7
time="2026-01-27T16:05:55.079312-05:00" level=info msg="gRPC server listening on TCP address: :64044" app_id=rest-client instance=Mac.nolongerbound scope=dapr.runtime.grpc.internal type=log ver=1.16.7
time="2026-01-27T16:05:55.079322-05:00" level=info msg="Enabled gRPC tracing middleware" app_id=rest-client instance=Mac.nolongerbound scope=dapr.runtime.grpc.internal type=log ver=1.16.7
time="2026-01-27T16:05:55.079328-05:00" level=info msg="Enabled gRPC metrics middleware" app_id=rest-client instance=Mac.nolongerbound scope=dapr.runtime.grpc.internal type=log ver=1.16.7
time="2026-01-27T16:05:55.079347-05:00" level=info msg="Internal gRPC server is running on :64044" app_id=rest-client instance=Mac.nolongerbound scope=dapr.runtime type=log ver=1.16.7
time="2026-01-27T16:05:55.079359-05:00" level=info msg="application protocol: http. waiting on port 9001.  This will block until the app is listening on that port." app_id=rest-client instance=Mac.nolongerbound scope=dapr.runtime type=log ver=1.16.7
Updating metadata for app command: java -jar target/RestClient-0.0.1-SNAPSHOT.jar
Updating metadata for appPID: 51349
You're up and running! Dapr logs will appear here.

time="2026-01-27T16:05:56.292494-05:00" level=info msg="application discovered on port 9001" app_id=rest-client instance=Mac.nolongerbound scope=dapr.runtime type=log ver=1.16.7
time="2026-01-27T16:05:56.292695-05:00" level=info msg="Using Scheduler service for reminders." app_id=rest-client instance=Mac.nolongerbound scope=dapr.runtime.actor.reminders.scheduler type=log ver=1.16.7
time="2026-01-27T16:05:56.292744-05:00" level=info msg="Actor runtime started" app_id=rest-client instance=Mac.nolongerbound scope=dapr.runtime.actor type=log ver=1.16.7
time="2026-01-27T16:05:56.292766-05:00" level=warning msg="Graceful shutdown timeout is infinite, will wait indefinitely to shutdown" app_id=rest-client instance=Mac.nolongerbound scope=dapr.runtime.actor type=log ver=1.16.7
time="2026-01-27T16:05:56.292788-05:00" level=info msg="worker started with backend dapr.actors/v1" app_id=rest-client instance=Mac.nolongerbound scope=dapr.wfengine.durabletask.backend type=log ver=1.16.7
time="2026-01-27T16:05:56.293471-05:00" level=info msg="Workflow engine started" app_id=rest-client instance=Mac.nolongerbound scope=dapr.runtime.wfengine type=log ver=1.16.7
time="2026-01-27T16:05:56.357732-05:00" level=info msg="Application configuration loaded" app_id=rest-client instance=Mac.nolongerbound scope=dapr.runtime type=log ver=1.16.7
time="2026-01-27T16:05:56.357808-05:00" level=info msg="dapr initialized. Status: Running. Init Elapsed 1297ms" app_id=rest-client instance=Mac.nolongerbound scope=dapr.runtime type=log ver=1.16.7
time="2026-01-27T16:05:56.357883-05:00" level=info msg="Reporting actor types: []" app_id=rest-client instance=Mac.nolongerbound scope=dapr.runtime.actors.placement type=log ver=1.16.7
time="2026-01-27T16:05:56.358488-05:00" level=info msg="Scheduler stream connected for [JOB_TARGET_TYPE_JOB]" app_id=rest-client instance=Mac.nolongerbound scope=dapr.runtime.scheduler.cluster type=log ver=1.16.7
time="2026-01-27T16:05:56.358506-05:00" level=info msg="Scheduler stream connected for [JOB_TARGET_TYPE_JOB]" app_id=rest-client instance=Mac.nolongerbound scope=dapr.runtime.scheduler.cluster type=log ver=1.16.7
time="2026-01-27T16:05:56.358534-05:00" level=info msg="Connected to placement localhost:50005" app_id=rest-client instance=Mac.nolongerbound scope=dapr.runtime.actors.placement.client.connector.static type=log ver=1.16.7
time="2026-01-27T16:05:56.358513-05:00" level=info msg="Scheduler stream connected for [JOB_TARGET_TYPE_JOB]" app_id=rest-client instance=Mac.nolongerbound scope=dapr.runtime.scheduler.cluster type=log ver=1.16.7
time="2026-01-27T16:05:56.364371-05:00" level=info msg="Connected to placement localhost:50005" app_id=rest-client instance=Mac.nolongerbound scope=dapr.runtime.actors.placement.client type=log ver=1.16.7
time="2026-01-27T16:05:56.36685-05:00" level=info msg="Placement tables updated, version: 18" app_id=rest-client instance=Mac.nolongerbound scope=dapr.runtime.actors.placement type=log ver=1.16.7
time="2026-01-27T16:05:56.366899-05:00" level=info msg="Running actor reminder migration from state store to scheduler" app_id=rest-client instance=Mac.nolongerbound scope=dapr.runtime.actors.reminders.migration type=log ver=1.16.7
time="2026-01-27T16:05:56.36691-05:00" level=info msg="Skipping migration, no missing scheduler reminders found" app_id=rest-client instance=Mac.nolongerbound scope=dapr.runtime.actors.reminders.migration type=log ver=1.16.7
time="2026-01-27T16:05:56.366917-05:00" level=info msg="Found 0 missing scheduler reminders from state store" app_id=rest-client instance=Mac.nolongerbound scope=dapr.runtime.actors.reminders.migration type=log ver=1.16.7
time="2026-01-27T16:05:56.366937-05:00" level=info msg="Migrated 0 reminders from state store to scheduler successfully" app_id=rest-client instance=Mac.nolongerbound scope=dapr.runtime.actors.reminders.migration type=log ver=1.16.7
time="2026-01-27T16:06:13.206456-05:00" level=info msg="work item stream established by user-agent: [dapr-sdk-java/v1.16.0 grpc-java-netty/1.69.0]" app_id=rest-client instance=Mac.nolongerbound scope=dapr.runtime.wfengine type=log ver=1.16.7
time="2026-01-27T16:06:13.207346-05:00" level=info msg="Updating actor types: [dapr.internal.default.rest-client.workflow dapr.internal.default.rest-client.activity]" app_id=rest-client instance=Mac.nolongerbound scope=dapr.runtime.actors.placement type=log ver=1.16.7
time="2026-01-27T16:06:13.2074-05:00" level=info msg="Scheduler stream disconnected" app_id=rest-client instance=Mac.nolongerbound scope=dapr.runtime.scheduler.cluster type=log ver=1.16.7
time="2026-01-27T16:06:13.207421-05:00" level=info msg="Scheduler stream disconnected" app_id=rest-client instance=Mac.nolongerbound scope=dapr.runtime.scheduler.cluster type=log ver=1.16.7
time="2026-01-27T16:06:13.207456-05:00" level=info msg="Scheduler stream disconnected" app_id=rest-client instance=Mac.nolongerbound scope=dapr.runtime.scheduler.cluster type=log ver=1.16.7
time="2026-01-27T16:06:13.207629-05:00" level=info msg="Scheduler stream connected for [JOB_TARGET_TYPE_JOB]" app_id=rest-client instance=Mac.nolongerbound scope=dapr.runtime.scheduler.cluster type=log ver=1.16.7
time="2026-01-27T16:06:13.207663-05:00" level=info msg="Scheduler stream connected for [JOB_TARGET_TYPE_JOB]" app_id=rest-client instance=Mac.nolongerbound scope=dapr.runtime.scheduler.cluster type=log ver=1.16.7
time="2026-01-27T16:06:13.207754-05:00" level=info msg="Scheduler stream connected for [JOB_TARGET_TYPE_JOB]" app_id=rest-client instance=Mac.nolongerbound scope=dapr.runtime.scheduler.cluster type=log ver=1.16.7
time="2026-01-27T16:06:13.211174-05:00" level=info msg="Placement tables updated, version: 19" app_id=rest-client instance=Mac.nolongerbound scope=dapr.runtime.actors.placement type=log ver=1.16.7
time="2026-01-27T16:06:13.211222-05:00" level=info msg="Running actor reminder migration from state store to scheduler" app_id=rest-client instance=Mac.nolongerbound scope=dapr.runtime.actors.reminders.migration type=log ver=1.16.7
time="2026-01-27T16:06:13.211278-05:00" level=info msg="Scheduler stream disconnected" app_id=rest-client instance=Mac.nolongerbound scope=dapr.runtime.scheduler.cluster type=log ver=1.16.7
time="2026-01-27T16:06:13.211301-05:00" level=info msg="Scheduler stream disconnected" app_id=rest-client instance=Mac.nolongerbound scope=dapr.runtime.scheduler.cluster type=log ver=1.16.7
time="2026-01-27T16:06:13.211312-05:00" level=info msg="Scheduler stream disconnected" app_id=rest-client instance=Mac.nolongerbound scope=dapr.runtime.scheduler.cluster type=log ver=1.16.7
time="2026-01-27T16:06:13.211394-05:00" level=info msg="Scheduler stream connected for [JOB_TARGET_TYPE_JOB JOB_TARGET_TYPE_ACTOR_REMINDER]" app_id=rest-client instance=Mac.nolongerbound scope=dapr.runtime.scheduler.cluster type=log ver=1.16.7
time="2026-01-27T16:06:13.211412-05:00" level=info msg="Scheduler stream connected for [JOB_TARGET_TYPE_JOB JOB_TARGET_TYPE_ACTOR_REMINDER]" app_id=rest-client instance=Mac.nolongerbound scope=dapr.runtime.scheduler.cluster type=log ver=1.16.7
time="2026-01-27T16:06:13.211507-05:00" level=info msg="Scheduler stream connected for [JOB_TARGET_TYPE_JOB JOB_TARGET_TYPE_ACTOR_REMINDER]" app_id=rest-client instance=Mac.nolongerbound scope=dapr.runtime.scheduler.cluster type=log ver=1.16.7
time="2026-01-27T16:06:13.217873-05:00" level=info msg="Skipping migration, no missing scheduler reminders found" app_id=rest-client instance=Mac.nolongerbound scope=dapr.runtime.actors.reminders.migration type=log ver=1.16.7
time="2026-01-27T16:06:13.21791-05:00" level=info msg="Found 0 missing scheduler reminders from state store" app_id=rest-client instance=Mac.nolongerbound scope=dapr.runtime.actors.reminders.migration type=log ver=1.16.7
time="2026-01-27T16:06:13.217947-05:00" level=info msg="Migrated 0 reminders from state store to scheduler successfully" app_id=rest-client instance=Mac.nolongerbound scope=dapr.runtime.actors.reminders.migration type=log ver=1.16.7
time="2026-01-27T16:06:13.224072-05:00" level=warning msg="Redis does not support transaction rollbacks and should not be used in production as an actor state store." app_id=rest-client component="statestore (state.redis/v1)" instance=Mac.nolongerbound scope=dapr.contrib type=log ver=1.16.7
time="2026-01-27T16:06:13.229318-05:00" level=info msg="a30e1506-2fd2-4a95-bb22-1e2b9bf9be16: starting new 'com.TicketApprovalWorkflow' instance with ID = 'a30e1506-2fd2-4a95-bb22-1e2b9bf9be16'." app_id=rest-client instance=Mac.nolongerbound scope=dapr.wfengine.durabletask.backend type=log ver=1.16.7
time="2026-01-27T16:06:15.335968-05:00" level=info msg="a30e1506-2fd2-4a95-bb22-1e2b9bf9be16: 'com.TicketApprovalWorkflow' completed with a COMPLETED status." app_id=rest-client instance=Mac.nolongerbound scope=dapr.wfengine.durabletask.backend type=log ver=1.16.7
time="2026-01-27T16:06:15.338974-05:00" level=info msg="Workflow Actor 'a30e1506-2fd2-4a95-bb22-1e2b9bf9be16': workflow completed with status 'ORCHESTRATION_STATUS_COMPLETED' workflowName 'com.TicketApprovalWorkflow'" app_id=rest-client instance=Mac.nolongerbound scope=dapr.runtime.actors.targets.orchestrator type=log ver=1.16.7
time="2026-01-27T16:06:15.351983-05:00" level=warning msg="a30e1506-2fd2-4a95-bb22-1e2b9bf9be16: orchestration already completed; dropping work item" app_id=rest-client instance=Mac.nolongerbound scope=dapr.wfengine.durabletask.backend type=log ver=1.16.7
time="2026-01-27T16:06:15.352357-05:00" level=info msg="Workflow Actor 'a30e1506-2fd2-4a95-bb22-1e2b9bf9be16': workflow completed with status 'ORCHESTRATION_STATUS_COMPLETED' workflowName 'com.TicketApprovalWorkflow'" app_id=rest-client instance=Mac.nolongerbound scope=dapr.runtime.actors.targets.orchestrator type=log ver=1.16.7
time="2026-01-27T16:06:17.361272-05:00" level=warning msg="a30e1506-2fd2-4a95-bb22-1e2b9bf9be16: orchestration already completed; dropping work item" app_id=rest-client instance=Mac.nolongerbound scope=dapr.wfengine.durabletask.backend type=log ver=1.16.7
time="2026-01-27T16:06:17.362194-05:00" level=info msg="Workflow Actor 'a30e1506-2fd2-4a95-bb22-1e2b9bf9be16': workflow completed with status 'ORCHESTRATION_STATUS_COMPLETED' workflowName 'com.TicketApprovalWorkflow'" app_id=rest-client instance=Mac.nolongerbound scope=dapr.runtime.actors.targets.orchestrator type=log ver=1.16.7

termination signal received: shutting down
time="2026-01-27T16:07:11.117762-05:00" level=info msg="Received signal 'interrupt'; beginning shutdown" app_id=rest-client instance=Mac.nolongerbound scope=dapr.signals type=log ver=1.16.7
time="2026-01-27T16:07:11.118494-05:00" level=info msg="backend stopping..." app_id=rest-client instance=Mac.nolongerbound scope=dapr.wfengine.durabletask.backend type=log ver=1.16.7
time="2026-01-27T16:07:11.118543-05:00" level=info msg="workers stopping and draining..." app_id=rest-client instance=Mac.nolongerbound scope=dapr.wfengine.durabletask.backend type=log ver=1.16.7
time="2026-01-27T16:07:11.118633-05:00" level=info msg="Scheduler stream disconnected" app_id=rest-client instance=Mac.nolongerbound scope=dapr.runtime.scheduler.cluster type=log ver=1.16.7
time="2026-01-27T16:07:11.118666-05:00" level=info msg="Scheduler stream disconnected" app_id=rest-client instance=Mac.nolongerbound scope=dapr.runtime.scheduler.cluster type=log ver=1.16.7
time="2026-01-27T16:07:11.118421-05:00" level=info msg="Actor runtime shutting down" app_id=rest-client instance=Mac.nolongerbound scope=dapr.runtime.actor type=log ver=1.16.7
time="2026-01-27T16:07:11.118748-05:00" level=info msg="Scheduler stream disconnected" app_id=rest-client instance=Mac.nolongerbound scope=dapr.runtime.scheduler.cluster type=log ver=1.16.7
time="2026-01-27T16:07:11.118859-05:00" level=error msg="Error communicating with placement: rpc error: code = Canceled desc = context canceled" app_id=rest-client instance=Mac.nolongerbound scope=dapr.runtime.actors.placement.client type=log ver=1.16.7
Exited Dapr successfully
time="2026-01-27T16:07:11.11907-05:00" level=info msg="activity-processor: worker stopped" app_id=rest-client instance=Mac.nolongerbound scope=dapr.wfengine.durabletask.backend type=log ver=1.16.7
time="2026-01-27T16:07:11.119116-05:00" level=info msg="orchestration-processor: worker stopped" app_id=rest-client instance=Mac.nolongerbound scope=dapr.wfengine.durabletask.backend type=log ver=1.16.7
Exited App successfully
