== APP - rest-client == 
== APP - rest-client ==   .   ____          _            __ _ _
== APP - rest-client ==  /\\ / ___'_ __ _ _(_)_ __  __ _ \ \ \ \
== APP - rest-client == ( ( )\___ | '_ | '_| | '_ \/ _` | \ \ \ \
== APP - rest-client ==  \\/  ___)| |_)| | | | | || (_| |  ) ) ) )
== APP - rest-client ==   '  |____| .__|_| |_|_| |_\__, | / / / /
== APP - rest-client ==  =========|_|==============|___/=/_/_/_/
== APP - rest-client == 
== APP - rest-client ==  :: Spring Boot ::                (v3.3.1)
== APP - rest-client == 
== APP - rest-client == 2026-01-28T14:10:57.744-05:00  INFO 33042 --- [           main] com.RestClientApplication                : Starting RestClientApplication v0.0.1-SNAPSHOT using Java 25.0.1 with PID 33042 (/Users/zacharyweld/Documents/Code/Diagrid/dapr-demo/rest-client/target/RestClient-0.0.1-SNAPSHOT.jar started by zacharyweld in /Users/zacharyweld/Documents/Code/Diagrid/dapr-demo/rest-client)
== APP - rest-client == 2026-01-28T14:10:57.746-05:00  INFO 33042 --- [           main] com.RestClientApplication                : No active profile set, falling back to 1 default profile: "default"
== APP - rest-client == WARNING: A restricted method in java.lang.System has been called
== APP - rest-client == WARNING: java.lang.System::load has been called by org.apache.tomcat.jni.Library in an unnamed module (jar:nested:/Users/zacharyweld/Documents/Code/Diagrid/dapr-demo/rest-client/target/RestClient-0.0.1-SNAPSHOT.jar/!BOOT-INF/lib/tomcat-embed-core-10.1.25.jar!/)
== APP - rest-client == WARNING: Use --enable-native-access=ALL-UNNAMED to avoid a warning for callers in this module
== APP - rest-client == WARNING: Restricted methods will be blocked in a future release unless native access is enabled
== APP - rest-client == 
== APP - rest-client == 2026-01-28T14:10:58.469-05:00  INFO 33042 --- [           main] o.s.b.w.embedded.tomcat.TomcatWebServer  : Tomcat initialized with port 9001 (http)
== APP - rest-client == 2026-01-28T14:10:58.475-05:00  INFO 33042 --- [           main] o.apache.catalina.core.StandardService   : Starting service [Tomcat]
== APP - rest-client == 2026-01-28T14:10:58.475-05:00  INFO 33042 --- [           main] o.apache.catalina.core.StandardEngine    : Starting Servlet engine: [Apache Tomcat/10.1.25]
== APP - rest-client == 2026-01-28T14:10:58.489-05:00  INFO 33042 --- [           main] o.a.c.c.C.[Tomcat].[localhost].[/]       : Initializing Spring embedded WebApplicationContext
== APP - rest-client == 2026-01-28T14:10:58.489-05:00  INFO 33042 --- [           main] w.s.c.ServletWebServerApplicationContext : Root WebApplicationContext: initialization completed in 685 ms
== APP - rest-client == 2026-01-28T14:10:58.728-05:00  INFO 33042 --- [           main] o.s.b.w.embedded.tomcat.TomcatWebServer  : Tomcat started on port 9001 (http) with context path '/'
== APP - rest-client == 2026-01-28T14:10:58.738-05:00  INFO 33042 --- [           main] com.RestClientApplication                : Started RestClientApplication in 1.185 seconds (process running for 1.476)
== APP - rest-client == 2026-01-28T14:10:58.748-05:00  INFO 33042 --- [nio-9001-exec-2] o.a.c.c.C.[Tomcat].[localhost].[/]       : Initializing Spring DispatcherServlet 'dispatcherServlet'
== APP - rest-client == 2026-01-28T14:10:58.749-05:00  INFO 33042 --- [nio-9001-exec-2] o.s.web.servlet.DispatcherServlet        : Initializing Servlet 'dispatcherServlet'
== APP - rest-client == 2026-01-28T14:10:58.749-05:00  INFO 33042 --- [nio-9001-exec-2] o.s.web.servlet.DispatcherServlet        : Completed initialization in 0 ms
== APP - rest-client == WARNING: A terminally deprecated method in sun.misc.Unsafe has been called
== APP - rest-client == WARNING: sun.misc.Unsafe::objectFieldOffset has been called by io.grpc.netty.shaded.io.netty.util.internal.PlatformDependent0$4 (jar:nested:/Users/zacharyweld/Documents/Code/Diagrid/dapr-demo/rest-client/target/RestClient-0.0.1-SNAPSHOT.jar/!BOOT-INF/lib/grpc-netty-shaded-1.69.0.jar!/)
== APP - rest-client == WARNING: Please consider reporting this to the maintainers of class io.grpc.netty.shaded.io.netty.util.internal.PlatformDependent0$4
== APP - rest-client == WARNING: sun.misc.Unsafe::objectFieldOffset will be removed in a future release
== APP - rest-client == 2026-01-28T14:11:36.746-05:00  INFO 33042 --- [nio-9001-exec-4] i.d.w.runtime.WorkflowRuntimeBuilder     : Registered Workflow: TicketApprovalWorkflow
== APP - rest-client == 2026-01-28T14:11:36.747-05:00  INFO 33042 --- [nio-9001-exec-4] i.d.w.runtime.WorkflowRuntimeBuilder     : Registered Activity: CreateTicketActivity
== APP - rest-client == 2026-01-28T14:11:36.747-05:00  INFO 33042 --- [nio-9001-exec-4] i.d.w.runtime.WorkflowRuntimeBuilder     : Registered Activity: NotifyActivity
== APP - rest-client == 2026-01-28T14:11:36.747-05:00  INFO 33042 --- [nio-9001-exec-4] i.d.w.runtime.WorkflowRuntimeBuilder     : Registered Activity: ApproveTicketActivity
== APP - rest-client == 2026-01-28T14:11:36.754-05:00  INFO 33042 --- [nio-9001-exec-4] i.d.w.runtime.WorkflowRuntimeBuilder     : List of registered workflows: [com.TicketApprovalWorkflow]
== APP - rest-client == 2026-01-28T14:11:36.754-05:00  INFO 33042 --- [nio-9001-exec-4] i.d.w.runtime.WorkflowRuntimeBuilder     : List of registered activities: [com.activities.CreateTicketActivity, com.activities.NotifyActivity, com.activities.ApproveTicketActivity]
== APP - rest-client == 2026-01-28T14:11:36.754-05:00  INFO 33042 --- [nio-9001-exec-4] i.d.w.runtime.WorkflowRuntimeBuilder     : Successfully built dapr workflow runtime
== APP - rest-client == Start workflow runtime
== APP - rest-client == 2026-01-28T14:11:36.754-05:00  INFO 33042 --- [       Thread-1] io.dapr.durabletask                      : Durable Task worker is connecting to sidecar at grpc-prj545607.cloud.r1.diagrid.io:443.
== APP - rest-client == ==========Begin Ticket Workflow==========
== APP - rest-client == Creating Ticket -> [title=Workflow Ticket, owner=Workflow Admin, approved=false]
== APP - rest-client == 2026-01-28T14:11:37.561-05:00  INFO 33042 --- [pool-2-thread-1] io.dapr.workflows.WorkflowContext        : Starting Workflow: com.TicketApprovalWorkflow
== APP - rest-client == 2026-01-28T14:11:37.561-05:00  INFO 33042 --- [pool-2-thread-1] io.dapr.workflows.WorkflowContext        : Current Orchestration Time: 2026-01-28T19:11:37.490Z
== APP - rest-client == 2026-01-28T14:11:37.579-05:00  INFO 33042 --- [pool-2-thread-1] io.dapr.workflows.WorkflowContext        : Received Ticket: [title=Workflow Ticket, owner=Workflow Admin, approved=false]
== APP - rest-client == 2026-01-28T14:11:37.716-05:00  INFO 33042 --- [pool-2-thread-1] com.activities.CreateTicketActivity      : Creating ticket -> Workflow Ticket
== APP - rest-client == Scheduled new workflow instance of TicketApprovalWorkflow with instance ID: 8c6b072c-c6cb-40db-acc1-ffa11a81274c
== APP - rest-client == Workflow instance 8c6b072c-c6cb-40db-acc1-ffa11a81274c started
== APP - rest-client == 2026-01-28T14:11:40.562-05:00  INFO 33042 --- [pool-2-thread-1] com.activities.NotifyActivity            : Ticket has been created -> [title=Workflow Ticket, owner=Workflow Admin, approved=false]
== APP - rest-client == 2026-01-28T14:11:40.822-05:00  INFO 33042 --- [pool-2-thread-1] com.activities.CreateTicketActivity      : Approving Ticket -> Workflow Ticket
== APP - rest-client == 2026-01-28T14:11:43.589-05:00  INFO 33042 --- [pool-2-thread-1] com.activities.NotifyActivity            : Ticket has been approved!
== APP - rest-client == Workflow instance completed, out is: "Ticket Approval Complete"
== APP - rest-client == TERMINATING WORKFLOW
== APP - rest-client == 2026-01-28T14:11:48.689-05:00  INFO 33042 --- [nio-9001-exec-5] i.d.w.runtime.WorkflowRuntimeBuilder     : Registered Workflow: TicketApprovalWorkflow
== APP - rest-client == 2026-01-28T14:11:48.690-05:00  INFO 33042 --- [nio-9001-exec-5] i.d.w.runtime.WorkflowRuntimeBuilder     : Registered Activity: CreateTicketActivity
== APP - rest-client == 2026-01-28T14:11:48.690-05:00  INFO 33042 --- [nio-9001-exec-5] i.d.w.runtime.WorkflowRuntimeBuilder     : Registered Activity: NotifyActivity
== APP - rest-client == 2026-01-28T14:11:48.690-05:00  INFO 33042 --- [nio-9001-exec-5] i.d.w.runtime.WorkflowRuntimeBuilder     : Registered Activity: ApproveTicketActivity
== APP - rest-client == 2026-01-28T14:11:48.690-05:00  INFO 33042 --- [nio-9001-exec-5] i.d.w.runtime.WorkflowRuntimeBuilder     : List of registered workflows: [com.TicketApprovalWorkflow]
== APP - rest-client == 2026-01-28T14:11:48.690-05:00  INFO 33042 --- [nio-9001-exec-5] i.d.w.runtime.WorkflowRuntimeBuilder     : List of registered activities: [com.activities.CreateTicketActivity, com.activities.NotifyActivity, com.activities.ApproveTicketActivity]
== APP - rest-client == 2026-01-28T14:11:48.690-05:00  INFO 33042 --- [nio-9001-exec-5] i.d.w.runtime.WorkflowRuntimeBuilder     : Successfully built dapr workflow runtime
== APP - rest-client == Start workflow runtime
== APP - rest-client == 2026-01-28T14:11:48.697-05:00  INFO 33042 --- [       Thread-2] io.dapr.durabletask                      : Durable Task worker is connecting to sidecar at grpc-prj545607.cloud.r1.diagrid.io:443.
== APP - rest-client == ==========Begin Ticket Workflow==========
== APP - rest-client == Creating Ticket -> [title=Workflow Ticket, owner=Workflow Admin, approved=false]
== APP - rest-client == 2026-01-28T14:11:49.217-05:00  INFO 33042 --- [pool-2-thread-1] io.dapr.workflows.WorkflowContext        : Starting Workflow: com.TicketApprovalWorkflow
== APP - rest-client == 2026-01-28T14:11:49.217-05:00  INFO 33042 --- [pool-2-thread-1] io.dapr.workflows.WorkflowContext        : Current Orchestration Time: 2026-01-28T19:11:49.173Z
== APP - rest-client == 2026-01-28T14:11:49.217-05:00  INFO 33042 --- [pool-2-thread-1] io.dapr.workflows.WorkflowContext        : Received Ticket: [title=Workflow Ticket, owner=Workflow Admin, approved=false]
== APP - rest-client == 2026-01-28T14:11:49.351-05:00  INFO 33042 --- [pool-2-thread-1] com.activities.CreateTicketActivity      : Creating ticket -> Workflow Ticket
== APP - rest-client == Scheduled new workflow instance of TicketApprovalWorkflow with instance ID: c0061444-b03b-4b33-b713-cdf2c80a633f
== APP - rest-client == Workflow instance c0061444-b03b-4b33-b713-cdf2c80a633f started
== APP - rest-client == 2026-01-28T14:11:52.121-05:00  INFO 33042 --- [pool-2-thread-1] com.activities.NotifyActivity            : Ticket has been created -> [title=Workflow Ticket, owner=Workflow Admin, approved=false]
== APP - rest-client == 2026-01-28T14:11:52.377-05:00  INFO 33042 --- [pool-2-thread-1] com.activities.CreateTicketActivity      : Approving Ticket -> Workflow Ticket
== APP - rest-client == 2026-01-28T14:11:55.207-05:00  INFO 33042 --- [pool-2-thread-1] com.activities.NotifyActivity            : Ticket has been approved!
== APP - rest-client == Workflow instance completed, out is: "Ticket Approval Complete"
== APP - rest-client == TERMINATING WORKFLOW
== APP - rest-client == 2026-01-28T14:11:56.739-05:00  INFO 33042 --- [nio-9001-exec-6] i.d.w.runtime.WorkflowRuntimeBuilder     : Registered Workflow: TicketApprovalWorkflow
== APP - rest-client == 2026-01-28T14:11:56.740-05:00  INFO 33042 --- [nio-9001-exec-6] i.d.w.runtime.WorkflowRuntimeBuilder     : Registered Activity: CreateTicketActivity
== APP - rest-client == 2026-01-28T14:11:56.740-05:00  INFO 33042 --- [nio-9001-exec-6] i.d.w.runtime.WorkflowRuntimeBuilder     : Registered Activity: NotifyActivity
== APP - rest-client == 2026-01-28T14:11:56.741-05:00  INFO 33042 --- [nio-9001-exec-6] i.d.w.runtime.WorkflowRuntimeBuilder     : Registered Activity: ApproveTicketActivity
== APP - rest-client == 2026-01-28T14:11:56.741-05:00  INFO 33042 --- [nio-9001-exec-6] i.d.w.runtime.WorkflowRuntimeBuilder     : List of registered workflows: [com.TicketApprovalWorkflow]
== APP - rest-client == 2026-01-28T14:11:56.741-05:00  INFO 33042 --- [nio-9001-exec-6] i.d.w.runtime.WorkflowRuntimeBuilder     : List of registered activities: [com.activities.CreateTicketActivity, com.activities.NotifyActivity, com.activities.ApproveTicketActivity]
== APP - rest-client == 2026-01-28T14:11:56.741-05:00  INFO 33042 --- [nio-9001-exec-6] i.d.w.runtime.WorkflowRuntimeBuilder     : Successfully built dapr workflow runtime
== APP - rest-client == Start workflow runtime
== APP - rest-client == ==========Begin Ticket Workflow==========
== APP - rest-client == Creating Ticket -> [title=Workflow Ticket, owner=Workflow Admin, approved=false]
== APP - rest-client == 2026-01-28T14:11:56.749-05:00  INFO 33042 --- [       Thread-3] io.dapr.durabletask                      : Durable Task worker is connecting to sidecar at grpc-prj545607.cloud.r1.diagrid.io:443.
== APP - rest-client == 2026-01-28T14:11:57.259-05:00  INFO 33042 --- [pool-2-thread-1] io.dapr.workflows.WorkflowContext        : Starting Workflow: com.TicketApprovalWorkflow
== APP - rest-client == 2026-01-28T14:11:57.260-05:00  INFO 33042 --- [pool-2-thread-1] io.dapr.workflows.WorkflowContext        : Current Orchestration Time: 2026-01-28T19:11:57.217Z
== APP - rest-client == 2026-01-28T14:11:57.261-05:00  INFO 33042 --- [pool-2-thread-1] io.dapr.workflows.WorkflowContext        : Received Ticket: [title=Workflow Ticket, owner=Workflow Admin, approved=false]
== APP - rest-client == 2026-01-28T14:11:57.387-05:00  INFO 33042 --- [pool-2-thread-1] com.activities.CreateTicketActivity      : Creating ticket -> Workflow Ticket
== APP - rest-client == Scheduled new workflow instance of TicketApprovalWorkflow with instance ID: 6eb7abaf-f3ba-42fc-a5dd-22405ea993da
== APP - rest-client == Workflow instance 6eb7abaf-f3ba-42fc-a5dd-22405ea993da started
== APP - rest-client == 2026-01-28T14:12:00.171-05:00  INFO 33042 --- [pool-2-thread-1] com.activities.NotifyActivity            : Ticket has been created -> [title=Workflow Ticket, owner=Workflow Admin, approved=false]
== APP - rest-client == 2026-01-28T14:12:00.453-05:00  INFO 33042 --- [pool-2-thread-1] com.activities.CreateTicketActivity      : Approving Ticket -> Workflow Ticket
== APP - rest-client == 2026-01-28T14:12:03.217-05:00  INFO 33042 --- [pool-2-thread-1] com.activities.NotifyActivity            : Ticket has been approved!
== APP - rest-client == Workflow instance completed, out is: "Ticket Approval Complete"
== APP - rest-client == TERMINATING WORKFLOW
