Starting Dapr with id rest-client. HTTP Port: 63015. gRPC Port: 63016
Updating metadata for cliPID: 28871
time="2026-01-27T14:25:23.960006-05:00" level=info msg="Starting Dapr Runtime -- version 1.16.7 -- commit f47f8e13a6e39869ac2b01fe984ad2177e357445" app_id=rest-client instance=Zacharys-MacBook-Pro-2.local scope=dapr.runtime type=log ver=1.16.7
time="2026-01-27T14:25:23.96005-05:00" level=info msg="Log level set to: info" app_id=rest-client instance=Zacharys-MacBook-Pro-2.local scope=dapr.runtime type=log ver=1.16.7
time="2026-01-27T14:25:23.960171-05:00" level=warning msg="mTLS is disabled. Skipping certificate request and tls validation" app_id=rest-client instance=Zacharys-MacBook-Pro-2.local scope=dapr.runtime.security type=log ver=1.16.7
time="2026-01-27T14:25:23.960583-05:00" level=info msg="Enabled features: SchedulerReminders" app_id=rest-client instance=Zacharys-MacBook-Pro-2.local scope=dapr.runtime type=log ver=1.16.7
time="2026-01-27T14:25:23.960648-05:00" level=info msg="metric spec: {\"enabled\":true}" app_id=rest-client instance=Zacharys-MacBook-Pro-2.local scope=dapr.runtime.diagnostics type=log ver=1.16.7
time="2026-01-27T14:25:23.960672-05:00" level=info msg="Using default latency distribution buckets: [1 2 3 4 5 6 8 10 13 16 20 25 30 40 50 65 80 100 130 160 200 250 300 400 500 650 800 1000 2000 5000 10000 20000 50000 100000]" app_id=rest-client instance=Zacharys-MacBook-Pro-2.local scope=dapr.runtime.diagnostics type=log ver=1.16.7
time="2026-01-27T14:25:23.960755-05:00" level=warning msg="The default value for 'spec.metric.http.increasedCardinality' will change to 'false' in Dapr 1.15 or later" app_id=rest-client instance=Zacharys-MacBook-Pro-2.local scope=dapr.runtime.diagnostics type=log ver=1.16.7
time="2026-01-27T14:25:23.961048-05:00" level=info msg="standalone mode configured" app_id=rest-client instance=Zacharys-MacBook-Pro-2.local scope=dapr.runtime type=log ver=1.16.7
time="2026-01-27T14:25:23.961057-05:00" level=info msg="app id: rest-client" app_id=rest-client instance=Zacharys-MacBook-Pro-2.local scope=dapr.runtime type=log ver=1.16.7
time="2026-01-27T14:25:23.961215-05:00" level=info msg="metrics server started on 0.0.0.0:63017/" app_id=rest-client instance=Zacharys-MacBook-Pro-2.local scope=dapr.runtime type=log ver=1.16.7
time="2026-01-27T14:25:23.961228-05:00" level=info msg="Dapr trace sampler initialized: ParentBased{root:AlwaysOnSampler,remoteParentSampled:AlwaysOnSampler,remoteParentNotSampled:AlwaysOffSampler,localParentSampled:AlwaysOnSampler,localParentNotSampled:AlwaysOffSampler}" app_id=rest-client instance=Zacharys-MacBook-Pro-2.local scope=dapr.runtime type=log ver=1.16.7
time="2026-01-27T14:25:23.961953-05:00" level=info msg="local service entry announced: rest-client -> 192.168.11.124:63018" app_id=rest-client component="nr (mdns/v1)" instance=Zacharys-MacBook-Pro-2.local scope=dapr.contrib type=log ver=1.16.7
time="2026-01-27T14:25:23.962345-05:00" level=info msg="Initialized name resolution to mdns" app_id=rest-client instance=Zacharys-MacBook-Pro-2.local scope=dapr.runtime type=log ver=1.16.7
time="2026-01-27T14:25:23.962707-05:00" level=info msg="Loading components…" app_id=rest-client instance=Zacharys-MacBook-Pro-2.local scope=dapr.runtime type=log ver=1.16.7
time="2026-01-27T14:25:23.963629-05:00" level=info msg="Waiting for all outstanding components to be processed…" app_id=rest-client instance=Zacharys-MacBook-Pro-2.local scope=dapr.runtime type=log ver=1.16.7
time="2026-01-27T14:25:23.966358-05:00" level=info msg="Connected and received scheduler hosts addresses: [localhost:50006]" app_id=rest-client instance=Zacharys-MacBook-Pro-2.local scope=dapr.runtime.scheduler.watchhosts type=log ver=1.16.7
time="2026-01-27T14:25:23.96647-05:00" level=info msg="Scheduler client initialized for address: localhost:50006" app_id=rest-client instance=Zacharys-MacBook-Pro-2.local scope=dapr.runtime.scheduler.clients type=log ver=1.16.7
time="2026-01-27T14:25:23.966484-05:00" level=info msg="Scheduler clients initialized" app_id=rest-client instance=Zacharys-MacBook-Pro-2.local scope=dapr.runtime.scheduler.clients type=log ver=1.16.7
time="2026-01-27T14:25:23.969576-05:00" level=info msg="Using 'statestore' as actor state store" app_id=rest-client instance=Zacharys-MacBook-Pro-2.local scope=dapr.runtime.processor.state type=log ver=1.16.7
time="2026-01-27T14:25:23.969605-05:00" level=info msg="Component loaded: statestore (state.redis/v1)" app_id=rest-client instance=Zacharys-MacBook-Pro-2.local scope=dapr.runtime.processor type=log ver=1.16.7
time="2026-01-27T14:25:23.969618-05:00" level=info msg="All outstanding components processed" app_id=rest-client instance=Zacharys-MacBook-Pro-2.local scope=dapr.runtime type=log ver=1.16.7
time="2026-01-27T14:25:23.969626-05:00" level=info msg="Loading endpoints…" app_id=rest-client instance=Zacharys-MacBook-Pro-2.local scope=dapr.runtime type=log ver=1.16.7
time="2026-01-27T14:25:23.969767-05:00" level=info msg="Waiting for all outstanding http endpoints to be processed…" app_id=rest-client instance=Zacharys-MacBook-Pro-2.local scope=dapr.runtime type=log ver=1.16.7
time="2026-01-27T14:25:23.969779-05:00" level=info msg="All outstanding http endpoints processed" app_id=rest-client instance=Zacharys-MacBook-Pro-2.local scope=dapr.runtime type=log ver=1.16.7
time="2026-01-27T14:25:23.969788-05:00" level=info msg="Loading Declarative Subscriptions…" app_id=rest-client instance=Zacharys-MacBook-Pro-2.local scope=dapr.runtime type=log ver=1.16.7
time="2026-01-27T14:25:23.970002-05:00" level=info msg="gRPC server listening on TCP address: :63016" app_id=rest-client instance=Zacharys-MacBook-Pro-2.local scope=dapr.runtime.grpc.api type=log ver=1.16.7
time="2026-01-27T14:25:23.970015-05:00" level=info msg="Enabled gRPC tracing middleware" app_id=rest-client instance=Zacharys-MacBook-Pro-2.local scope=dapr.runtime.grpc.api type=log ver=1.16.7
time="2026-01-27T14:25:23.970023-05:00" level=info msg="Enabled gRPC metrics middleware" app_id=rest-client instance=Zacharys-MacBook-Pro-2.local scope=dapr.runtime.grpc.api type=log ver=1.16.7
time="2026-01-27T14:25:23.970059-05:00" level=info msg="Registering workflow engine for gRPC endpoint: [::]:63016" app_id=rest-client instance=Zacharys-MacBook-Pro-2.local scope=dapr.runtime.grpc.api type=log ver=1.16.7
time="2026-01-27T14:25:23.970084-05:00" level=info msg="API gRPC server is running on port 63016" app_id=rest-client instance=Zacharys-MacBook-Pro-2.local scope=dapr.runtime type=log ver=1.16.7
time="2026-01-27T14:25:23.970101-05:00" level=warning msg="The default value for 'spec.metric.http.increasedCardinality' will change to 'false' in Dapr 1.15 or later" app_id=rest-client instance=Zacharys-MacBook-Pro-2.local scope=dapr.runtime.http type=log ver=1.16.7
time="2026-01-27T14:25:23.970131-05:00" level=info msg="Enabled max body size HTTP middleware with size 4194304 bytes" app_id=rest-client instance=Zacharys-MacBook-Pro-2.local scope=dapr.runtime.http type=log ver=1.16.7
time="2026-01-27T14:25:23.970141-05:00" level=info msg="Enabled tracing HTTP middleware" app_id=rest-client instance=Zacharys-MacBook-Pro-2.local scope=dapr.runtime.http type=log ver=1.16.7
time="2026-01-27T14:25:23.970146-05:00" level=info msg="Enabled metrics HTTP middleware" app_id=rest-client instance=Zacharys-MacBook-Pro-2.local scope=dapr.runtime.http type=log ver=1.16.7
time="2026-01-27T14:25:23.970315-05:00" level=info msg="HTTP server listening on TCP address: :63015" app_id=rest-client instance=Zacharys-MacBook-Pro-2.local scope=dapr.runtime.http type=log ver=1.16.7
time="2026-01-27T14:25:23.970331-05:00" level=info msg="HTTP server is running on port 63015" app_id=rest-client instance=Zacharys-MacBook-Pro-2.local scope=dapr.runtime type=log ver=1.16.7
time="2026-01-27T14:25:23.970337-05:00" level=info msg="The request body size parameter is: 4194304 bytes" app_id=rest-client instance=Zacharys-MacBook-Pro-2.local scope=dapr.runtime type=log ver=1.16.7
time="2026-01-27T14:25:23.970367-05:00" level=info msg="gRPC server listening on TCP address: :63018" app_id=rest-client instance=Zacharys-MacBook-Pro-2.local scope=dapr.runtime.grpc.internal type=log ver=1.16.7
time="2026-01-27T14:25:23.97038-05:00" level=info msg="Enabled gRPC tracing middleware" app_id=rest-client instance=Zacharys-MacBook-Pro-2.local scope=dapr.runtime.grpc.internal type=log ver=1.16.7
time="2026-01-27T14:25:23.970385-05:00" level=info msg="Enabled gRPC metrics middleware" app_id=rest-client instance=Zacharys-MacBook-Pro-2.local scope=dapr.runtime.grpc.internal type=log ver=1.16.7
time="2026-01-27T14:25:23.970398-05:00" level=info msg="Internal gRPC server is running on :63018" app_id=rest-client instance=Zacharys-MacBook-Pro-2.local scope=dapr.runtime type=log ver=1.16.7
time="2026-01-27T14:25:23.970405-05:00" level=info msg="application protocol: http. waiting on port 9001.  This will block until the app is listening on that port." app_id=rest-client instance=Zacharys-MacBook-Pro-2.local scope=dapr.runtime type=log ver=1.16.7
Updating metadata for app command: java -jar target/RestClient-0.0.1-SNAPSHOT.jar
Updating metadata for appPID: 28875
You're up and running! Dapr logs will appear here.

time="2026-01-27T14:25:25.184337-05:00" level=info msg="application discovered on port 9001" app_id=rest-client instance=Zacharys-MacBook-Pro-2.local scope=dapr.runtime type=log ver=1.16.7
time="2026-01-27T14:25:25.184512-05:00" level=info msg="Using Scheduler service for reminders." app_id=rest-client instance=Zacharys-MacBook-Pro-2.local scope=dapr.runtime.actor.reminders.scheduler type=log ver=1.16.7
time="2026-01-27T14:25:25.184575-05:00" level=info msg="Actor runtime started" app_id=rest-client instance=Zacharys-MacBook-Pro-2.local scope=dapr.runtime.actor type=log ver=1.16.7
time="2026-01-27T14:25:25.184599-05:00" level=warning msg="Graceful shutdown timeout is infinite, will wait indefinitely to shutdown" app_id=rest-client instance=Zacharys-MacBook-Pro-2.local scope=dapr.runtime.actor type=log ver=1.16.7
time="2026-01-27T14:25:25.184604-05:00" level=info msg="worker started with backend dapr.actors/v1" app_id=rest-client instance=Zacharys-MacBook-Pro-2.local scope=dapr.wfengine.durabletask.backend type=log ver=1.16.7
time="2026-01-27T14:25:25.184663-05:00" level=info msg="Workflow engine started" app_id=rest-client instance=Zacharys-MacBook-Pro-2.local scope=dapr.runtime.wfengine type=log ver=1.16.7
time="2026-01-27T14:25:25.247576-05:00" level=info msg="Application configuration loaded" app_id=rest-client instance=Zacharys-MacBook-Pro-2.local scope=dapr.runtime type=log ver=1.16.7
time="2026-01-27T14:25:25.247641-05:00" level=info msg="dapr initialized. Status: Running. Init Elapsed 1286ms" app_id=rest-client instance=Zacharys-MacBook-Pro-2.local scope=dapr.runtime type=log ver=1.16.7
time="2026-01-27T14:25:25.247722-05:00" level=info msg="Reporting actor types: []" app_id=rest-client instance=Zacharys-MacBook-Pro-2.local scope=dapr.runtime.actors.placement type=log ver=1.16.7
time="2026-01-27T14:25:25.247814-05:00" level=info msg="Connected to placement localhost:50005" app_id=rest-client instance=Zacharys-MacBook-Pro-2.local scope=dapr.runtime.actors.placement.client.connector.static type=log ver=1.16.7
time="2026-01-27T14:25:25.247847-05:00" level=info msg="Scheduler stream connected for [JOB_TARGET_TYPE_JOB]" app_id=rest-client instance=Zacharys-MacBook-Pro-2.local scope=dapr.runtime.scheduler.cluster type=log ver=1.16.7
time="2026-01-27T14:25:25.247847-05:00" level=info msg="Scheduler stream connected for [JOB_TARGET_TYPE_JOB]" app_id=rest-client instance=Zacharys-MacBook-Pro-2.local scope=dapr.runtime.scheduler.cluster type=log ver=1.16.7
time="2026-01-27T14:25:25.247858-05:00" level=info msg="Scheduler stream connected for [JOB_TARGET_TYPE_JOB]" app_id=rest-client instance=Zacharys-MacBook-Pro-2.local scope=dapr.runtime.scheduler.cluster type=log ver=1.16.7
time="2026-01-27T14:25:25.25106-05:00" level=info msg="Connected to placement localhost:50005" app_id=rest-client instance=Zacharys-MacBook-Pro-2.local scope=dapr.runtime.actors.placement.client type=log ver=1.16.7
time="2026-01-27T14:25:25.252709-05:00" level=info msg="Placement tables updated, version: 16" app_id=rest-client instance=Zacharys-MacBook-Pro-2.local scope=dapr.runtime.actors.placement type=log ver=1.16.7
time="2026-01-27T14:25:25.25275-05:00" level=info msg="Running actor reminder migration from state store to scheduler" app_id=rest-client instance=Zacharys-MacBook-Pro-2.local scope=dapr.runtime.actors.reminders.migration type=log ver=1.16.7
time="2026-01-27T14:25:25.252766-05:00" level=info msg="Skipping migration, no missing scheduler reminders found" app_id=rest-client instance=Zacharys-MacBook-Pro-2.local scope=dapr.runtime.actors.reminders.migration type=log ver=1.16.7
time="2026-01-27T14:25:25.252773-05:00" level=info msg="Found 0 missing scheduler reminders from state store" app_id=rest-client instance=Zacharys-MacBook-Pro-2.local scope=dapr.runtime.actors.reminders.migration type=log ver=1.16.7
time="2026-01-27T14:25:25.25278-05:00" level=info msg="Migrated 0 reminders from state store to scheduler successfully" app_id=rest-client instance=Zacharys-MacBook-Pro-2.local scope=dapr.runtime.actors.reminders.migration type=log ver=1.16.7
time="2026-01-27T14:28:36.267713-05:00" level=info msg="work item stream established by user-agent: [dapr-sdk-java/v1.16.0 grpc-java-netty/1.69.0]" app_id=rest-client instance=Zacharys-MacBook-Pro-2.local scope=dapr.runtime.wfengine type=log ver=1.16.7
time="2026-01-27T14:28:36.268969-05:00" level=info msg="Updating actor types: [dapr.internal.default.rest-client.activity dapr.internal.default.rest-client.workflow]" app_id=rest-client instance=Zacharys-MacBook-Pro-2.local scope=dapr.runtime.actors.placement type=log ver=1.16.7
time="2026-01-27T14:28:36.269037-05:00" level=info msg="Scheduler stream disconnected" app_id=rest-client instance=Zacharys-MacBook-Pro-2.local scope=dapr.runtime.scheduler.cluster type=log ver=1.16.7
time="2026-01-27T14:28:36.269045-05:00" level=info msg="Scheduler stream disconnected" app_id=rest-client instance=Zacharys-MacBook-Pro-2.local scope=dapr.runtime.scheduler.cluster type=log ver=1.16.7
time="2026-01-27T14:28:36.269064-05:00" level=info msg="Scheduler stream disconnected" app_id=rest-client instance=Zacharys-MacBook-Pro-2.local scope=dapr.runtime.scheduler.cluster type=log ver=1.16.7
time="2026-01-27T14:28:36.269404-05:00" level=info msg="Scheduler stream connected for [JOB_TARGET_TYPE_JOB]" app_id=rest-client instance=Zacharys-MacBook-Pro-2.local scope=dapr.runtime.scheduler.cluster type=log ver=1.16.7
time="2026-01-27T14:28:36.269404-05:00" level=info msg="Scheduler stream connected for [JOB_TARGET_TYPE_JOB]" app_id=rest-client instance=Zacharys-MacBook-Pro-2.local scope=dapr.runtime.scheduler.cluster type=log ver=1.16.7
time="2026-01-27T14:28:36.269406-05:00" level=info msg="Scheduler stream connected for [JOB_TARGET_TYPE_JOB]" app_id=rest-client instance=Zacharys-MacBook-Pro-2.local scope=dapr.runtime.scheduler.cluster type=log ver=1.16.7
time="2026-01-27T14:28:36.272321-05:00" level=info msg="Placement tables updated, version: 17" app_id=rest-client instance=Zacharys-MacBook-Pro-2.local scope=dapr.runtime.actors.placement type=log ver=1.16.7
time="2026-01-27T14:28:36.272392-05:00" level=info msg="Running actor reminder migration from state store to scheduler" app_id=rest-client instance=Zacharys-MacBook-Pro-2.local scope=dapr.runtime.actors.reminders.migration type=log ver=1.16.7
time="2026-01-27T14:28:36.272433-05:00" level=info msg="Scheduler stream disconnected" app_id=rest-client instance=Zacharys-MacBook-Pro-2.local scope=dapr.runtime.scheduler.cluster type=log ver=1.16.7
time="2026-01-27T14:28:36.272441-05:00" level=info msg="Scheduler stream disconnected" app_id=rest-client instance=Zacharys-MacBook-Pro-2.local scope=dapr.runtime.scheduler.cluster type=log ver=1.16.7
time="2026-01-27T14:28:36.272444-05:00" level=info msg="Scheduler stream disconnected" app_id=rest-client instance=Zacharys-MacBook-Pro-2.local scope=dapr.runtime.scheduler.cluster type=log ver=1.16.7
time="2026-01-27T14:28:36.272573-05:00" level=info msg="Scheduler stream connected for [JOB_TARGET_TYPE_JOB JOB_TARGET_TYPE_ACTOR_REMINDER]" app_id=rest-client instance=Zacharys-MacBook-Pro-2.local scope=dapr.runtime.scheduler.cluster type=log ver=1.16.7
time="2026-01-27T14:28:36.272574-05:00" level=info msg="Scheduler stream connected for [JOB_TARGET_TYPE_JOB JOB_TARGET_TYPE_ACTOR_REMINDER]" app_id=rest-client instance=Zacharys-MacBook-Pro-2.local scope=dapr.runtime.scheduler.cluster type=log ver=1.16.7
time="2026-01-27T14:28:36.272584-05:00" level=info msg="Scheduler stream connected for [JOB_TARGET_TYPE_JOB JOB_TARGET_TYPE_ACTOR_REMINDER]" app_id=rest-client instance=Zacharys-MacBook-Pro-2.local scope=dapr.runtime.scheduler.cluster type=log ver=1.16.7
time="2026-01-27T14:28:36.278177-05:00" level=info msg="Skipping migration, no missing scheduler reminders found" app_id=rest-client instance=Zacharys-MacBook-Pro-2.local scope=dapr.runtime.actors.reminders.migration type=log ver=1.16.7
time="2026-01-27T14:28:36.278204-05:00" level=info msg="Found 0 missing scheduler reminders from state store" app_id=rest-client instance=Zacharys-MacBook-Pro-2.local scope=dapr.runtime.actors.reminders.migration type=log ver=1.16.7
time="2026-01-27T14:28:36.278218-05:00" level=info msg="Migrated 0 reminders from state store to scheduler successfully" app_id=rest-client instance=Zacharys-MacBook-Pro-2.local scope=dapr.runtime.actors.reminders.migration type=log ver=1.16.7
time="2026-01-27T14:28:36.284033-05:00" level=warning msg="Redis does not support transaction rollbacks and should not be used in production as an actor state store." app_id=rest-client component="statestore (state.redis/v1)" instance=Zacharys-MacBook-Pro-2.local scope=dapr.contrib type=log ver=1.16.7
time="2026-01-27T14:28:36.287855-05:00" level=info msg="781b835f-0ce1-48ee-a0cb-407d2cfbbe48: starting new 'com.TicketApprovalWorkflow' instance with ID = '781b835f-0ce1-48ee-a0cb-407d2cfbbe48'." app_id=rest-client instance=Zacharys-MacBook-Pro-2.local scope=dapr.wfengine.durabletask.backend type=log ver=1.16.7
time="2026-01-27T14:28:38.383174-05:00" level=info msg="781b835f-0ce1-48ee-a0cb-407d2cfbbe48: 'com.TicketApprovalWorkflow' completed with a COMPLETED status." app_id=rest-client instance=Zacharys-MacBook-Pro-2.local scope=dapr.wfengine.durabletask.backend type=log ver=1.16.7
time="2026-01-27T14:28:38.386605-05:00" level=info msg="Workflow Actor '781b835f-0ce1-48ee-a0cb-407d2cfbbe48': workflow completed with status 'ORCHESTRATION_STATUS_COMPLETED' workflowName 'com.TicketApprovalWorkflow'" app_id=rest-client instance=Zacharys-MacBook-Pro-2.local scope=dapr.runtime.actors.targets.orchestrator type=log ver=1.16.7
time="2026-01-27T14:28:40.404148-05:00" level=warning msg="781b835f-0ce1-48ee-a0cb-407d2cfbbe48: orchestration already completed; dropping work item" app_id=rest-client instance=Zacharys-MacBook-Pro-2.local scope=dapr.wfengine.durabletask.backend type=log ver=1.16.7
time="2026-01-27T14:28:40.405087-05:00" level=info msg="Workflow Actor '781b835f-0ce1-48ee-a0cb-407d2cfbbe48': workflow completed with status 'ORCHESTRATION_STATUS_COMPLETED' workflowName 'com.TicketApprovalWorkflow'" app_id=rest-client instance=Zacharys-MacBook-Pro-2.local scope=dapr.runtime.actors.targets.orchestrator type=log ver=1.16.7

termination signal received: shutting down
time="2026-01-27T14:32:03.612187-05:00" level=info msg="Received signal 'interrupt'; beginning shutdown" app_id=rest-client instance=Zacharys-MacBook-Pro-2.local scope=dapr.signals type=log ver=1.16.7
time="2026-01-27T14:32:03.613621-05:00" level=info msg="Scheduler stream disconnected" app_id=rest-client instance=Zacharys-MacBook-Pro-2.local scope=dapr.runtime.scheduler.cluster type=log ver=1.16.7
time="2026-01-27T14:32:03.613714-05:00" level=info msg="Scheduler stream disconnected" app_id=rest-client instance=Zacharys-MacBook-Pro-2.local scope=dapr.runtime.scheduler.cluster type=log ver=1.16.7
time="2026-01-27T14:32:03.613754-05:00" level=info msg="Scheduler stream disconnected" app_id=rest-client instance=Zacharys-MacBook-Pro-2.local scope=dapr.runtime.scheduler.cluster type=log ver=1.16.7
time="2026-01-27T14:32:03.613784-05:00" level=info msg="Actor runtime shutting down" app_id=rest-client instance=Zacharys-MacBook-Pro-2.local scope=dapr.runtime.actor type=log ver=1.16.7
Exited Dapr successfully
Exited App successfully
time="2026-01-27T14:32:03.613969-05:00" level=info msg="orchestration-processor: worker stopped" app_id=rest-client instance=Zacharys-MacBook-Pro-2.local scope=dapr.wfengine.durabletask.backend type=log ver=1.16.7
time="2026-01-27T14:32:03.614133-05:00" level=info msg="backend stopping..." app_id=rest-client instance=Zacharys-MacBook-Pro-2.local scope=dapr.wfengine.durabletask.backend type=log ver=1.16.7
time="2026-01-27T14:32:03.614179-05:00" level=info msg="workers stopping and draining..." app_id=rest-client instance=Zacharys-MacBook-Pro-2.local scope=dapr.wfengine.durabletask.backend type=log ver=1.16.7
