== APP - rest-client == 
== APP - rest-client ==   .   ____          _            __ _ _
== APP - rest-client ==  /\\ / ___'_ __ _ _(_)_ __  __ _ \ \ \ \
== APP - rest-client == ( ( )\___ | '_ | '_| | '_ \/ _` | \ \ \ \
== APP - rest-client ==  \\/  ___)| |_)| | | | | || (_| |  ) ) ) )
== APP - rest-client ==   '  |____| .__|_| |_|_| |_\__, | / / / /
== APP - rest-client ==  =========|_|==============|___/=/_/_/_/
== APP - rest-client == 
== APP - rest-client ==  :: Spring Boot ::                (v3.3.1)
== APP - rest-client == 
== APP - rest-client == 2026-01-28T13:07:30.543-05:00  INFO 12626 --- [           main] com.RestClientApplication                : Starting RestClientApplication v0.0.1-SNAPSHOT using Java 25.0.1 with PID 12626 (/Users/zacharyweld/Documents/Code/Diagrid/dapr-demo/rest-client/target/RestClient-0.0.1-SNAPSHOT.jar started by zacharyweld in /Users/zacharyweld/Documents/Code/Diagrid/dapr-demo/rest-client)
== APP - rest-client == 2026-01-28T13:07:30.546-05:00  INFO 12626 --- [           main] com.RestClientApplication                : No active profile set, falling back to 1 default profile: "default"
== APP - rest-client == WARNING: A restricted method in java.lang.System has been called
== APP - rest-client == WARNING: java.lang.System::load has been called by org.apache.tomcat.jni.Library in an unnamed module (jar:nested:/Users/zacharyweld/Documents/Code/Diagrid/dapr-demo/rest-client/target/RestClient-0.0.1-SNAPSHOT.jar/!BOOT-INF/lib/tomcat-embed-core-10.1.25.jar!/)
== APP - rest-client == WARNING: Use --enable-native-access=ALL-UNNAMED to avoid a warning for callers in this module
== APP - rest-client == WARNING: Restricted methods will be blocked in a future release unless native access is enabled
== APP - rest-client == 
== APP - rest-client == 2026-01-28T13:07:31.251-05:00  INFO 12626 --- [           main] o.s.b.w.embedded.tomcat.TomcatWebServer  : Tomcat initialized with port 9001 (http)
== APP - rest-client == 2026-01-28T13:07:31.257-05:00  INFO 12626 --- [           main] o.apache.catalina.core.StandardService   : Starting service [Tomcat]
== APP - rest-client == 2026-01-28T13:07:31.257-05:00  INFO 12626 --- [           main] o.apache.catalina.core.StandardEngine    : Starting Servlet engine: [Apache Tomcat/10.1.25]
== APP - rest-client == 2026-01-28T13:07:31.270-05:00  INFO 12626 --- [           main] o.a.c.c.C.[Tomcat].[localhost].[/]       : Initializing Spring embedded WebApplicationContext
== APP - rest-client == 2026-01-28T13:07:31.270-05:00  INFO 12626 --- [           main] w.s.c.ServletWebServerApplicationContext : Root WebApplicationContext: initialization completed in 682 ms
== APP - rest-client == 2026-01-28T13:07:31.508-05:00  INFO 12626 --- [           main] o.s.b.w.embedded.tomcat.TomcatWebServer  : Tomcat started on port 9001 (http) with context path '/'
== APP - rest-client == 2026-01-28T13:07:31.519-05:00  INFO 12626 --- [           main] com.RestClientApplication                : Started RestClientApplication in 1.184 seconds (process running for 1.479)
== APP - rest-client == 2026-01-28T13:07:31.533-05:00  INFO 12626 --- [nio-9001-exec-2] o.a.c.c.C.[Tomcat].[localhost].[/]       : Initializing Spring DispatcherServlet 'dispatcherServlet'
== APP - rest-client == 2026-01-28T13:07:31.533-05:00  INFO 12626 --- [nio-9001-exec-2] o.s.web.servlet.DispatcherServlet        : Initializing Servlet 'dispatcherServlet'
== APP - rest-client == 2026-01-28T13:07:31.533-05:00  INFO 12626 --- [nio-9001-exec-2] o.s.web.servlet.DispatcherServlet        : Completed initialization in 0 ms
== APP - rest-client == WARNING: A terminally deprecated method in sun.misc.Unsafe has been called
== APP - rest-client == WARNING: sun.misc.Unsafe::objectFieldOffset has been called by io.grpc.netty.shaded.io.netty.util.internal.PlatformDependent0$4 (jar:nested:/Users/zacharyweld/Documents/Code/Diagrid/dapr-demo/rest-client/target/RestClient-0.0.1-SNAPSHOT.jar/!BOOT-INF/lib/grpc-netty-shaded-1.69.0.jar!/)
== APP - rest-client == WARNING: Please consider reporting this to the maintainers of class io.grpc.netty.shaded.io.netty.util.internal.PlatformDependent0$4
== APP - rest-client == WARNING: sun.misc.Unsafe::objectFieldOffset will be removed in a future release
== APP - rest-client == 2026-01-28T13:09:20.562-05:00 ERROR 12626 --- [nio-9001-exec-5] o.a.c.c.C.[.[.[/].[dispatcherServlet]    : Servlet.service() for servlet [dispatcherServlet] in context with path [] threw exception [Request processing failed: io.dapr.exceptions.DaprException: INVALID_ARGUMENT: state store statestore is not found] with root cause
== APP - rest-client == 
== APP - rest-client == io.grpc.StatusRuntimeException: INVALID_ARGUMENT: state store statestore is not found
== APP - rest-client == 	at io.grpc.Status.asRuntimeException(Status.java:532) ~[grpc-api-1.69.0.jar!/:1.69.0]
== APP - rest-client == 	at io.grpc.stub.ClientCalls$StreamObserverToCallListenerAdapter.onClose(ClientCalls.java:481) ~[grpc-stub-1.69.0.jar!/:1.69.0]
== APP - rest-client == 	at io.grpc.PartialForwardingClientCallListener.onClose(PartialForwardingClientCallListener.java:39) ~[grpc-api-1.69.0.jar!/:1.69.0]
== APP - rest-client == 	at io.grpc.ForwardingClientCallListener.onClose(ForwardingClientCallListener.java:23) ~[grpc-api-1.69.0.jar!/:1.69.0]
== APP - rest-client == 	at io.grpc.ForwardingClientCallListener$SimpleForwardingClientCallListener.onClose(ForwardingClientCallListener.java:40) ~[grpc-api-1.69.0.jar!/:1.69.0]
== APP - rest-client == 	at io.grpc.internal.DelayedClientCall$DelayedListener$3.run(DelayedClientCall.java:489) ~[grpc-core-1.69.0.jar!/:1.69.0]
== APP - rest-client == 	at io.grpc.internal.DelayedClientCall$DelayedListener.delayOrExecute(DelayedClientCall.java:453) ~[grpc-core-1.69.0.jar!/:1.69.0]
== APP - rest-client == 	at io.grpc.internal.DelayedClientCall$DelayedListener.onClose(DelayedClientCall.java:486) ~[grpc-core-1.69.0.jar!/:1.69.0]
== APP - rest-client == 	at io.grpc.internal.ClientCallImpl.closeObserver(ClientCallImpl.java:564) ~[grpc-core-1.69.0.jar!/:1.69.0]
== APP - rest-client == 	at io.grpc.internal.ClientCallImpl.access$100(ClientCallImpl.java:72) ~[grpc-core-1.69.0.jar!/:1.69.0]
== APP - rest-client == 	at io.grpc.internal.ClientCallImpl$ClientStreamListenerImpl$1StreamClosed.runInternal(ClientCallImpl.java:729) ~[grpc-core-1.69.0.jar!/:1.69.0]
== APP - rest-client == 	at io.grpc.internal.ClientCallImpl$ClientStreamListenerImpl$1StreamClosed.runInContext(ClientCallImpl.java:710) ~[grpc-core-1.69.0.jar!/:1.69.0]
== APP - rest-client == 	at io.grpc.internal.ContextRunnable.run(ContextRunnable.java:37) ~[grpc-core-1.69.0.jar!/:1.69.0]
== APP - rest-client == 	at io.grpc.internal.SerializingExecutor.run(SerializingExecutor.java:133) ~[grpc-core-1.69.0.jar!/:1.69.0]
== APP - rest-client == 	at java.base/java.util.concurrent.ThreadPoolExecutor.runWorker(ThreadPoolExecutor.java:1090) ~[na:na]
== APP - rest-client == 	at java.base/java.util.concurrent.ThreadPoolExecutor$Worker.run(ThreadPoolExecutor.java:614) ~[na:na]
== APP - rest-client == 	at java.base/java.lang.Thread.run(Thread.java:1474) ~[na:na]
== APP - rest-client == 
== APP - rest-client == 2026-01-28T13:09:41.334-05:00 ERROR 12626 --- [nio-9001-exec-7] o.a.c.c.C.[.[.[/].[dispatcherServlet]    : Servlet.service() for servlet [dispatcherServlet] in context with path [] threw exception [Request processing failed: io.dapr.exceptions.DaprException: INVALID_ARGUMENT: state store statestore is not found] with root cause
== APP - rest-client == 
== APP - rest-client == io.grpc.StatusRuntimeException: INVALID_ARGUMENT: state store statestore is not found
== APP - rest-client == 	at io.grpc.Status.asRuntimeException(Status.java:532) ~[grpc-api-1.69.0.jar!/:1.69.0]
== APP - rest-client == 	at io.grpc.stub.ClientCalls$StreamObserverToCallListenerAdapter.onClose(ClientCalls.java:481) ~[grpc-stub-1.69.0.jar!/:1.69.0]
== APP - rest-client == 	at io.grpc.PartialForwardingClientCallListener.onClose(PartialForwardingClientCallListener.java:39) ~[grpc-api-1.69.0.jar!/:1.69.0]
== APP - rest-client == 	at io.grpc.ForwardingClientCallListener.onClose(ForwardingClientCallListener.java:23) ~[grpc-api-1.69.0.jar!/:1.69.0]
== APP - rest-client == 	at io.grpc.ForwardingClientCallListener$SimpleForwardingClientCallListener.onClose(ForwardingClientCallListener.java:40) ~[grpc-api-1.69.0.jar!/:1.69.0]
== APP - rest-client == 	at io.grpc.internal.DelayedClientCall$DelayedListener$3.run(DelayedClientCall.java:489) ~[grpc-core-1.69.0.jar!/:1.69.0]
== APP - rest-client == 	at io.grpc.internal.DelayedClientCall$DelayedListener.delayOrExecute(DelayedClientCall.java:453) ~[grpc-core-1.69.0.jar!/:1.69.0]
== APP - rest-client == 	at io.grpc.internal.DelayedClientCall$DelayedListener.onClose(DelayedClientCall.java:486) ~[grpc-core-1.69.0.jar!/:1.69.0]
== APP - rest-client == 	at io.grpc.internal.ClientCallImpl.closeObserver(ClientCallImpl.java:564) ~[grpc-core-1.69.0.jar!/:1.69.0]
== APP - rest-client == 	at io.grpc.internal.ClientCallImpl.access$100(ClientCallImpl.java:72) ~[grpc-core-1.69.0.jar!/:1.69.0]
== APP - rest-client == 	at io.grpc.internal.ClientCallImpl$ClientStreamListenerImpl$1StreamClosed.runInternal(ClientCallImpl.java:729) ~[grpc-core-1.69.0.jar!/:1.69.0]
== APP - rest-client == 	at io.grpc.internal.ClientCallImpl$ClientStreamListenerImpl$1StreamClosed.runInContext(ClientCallImpl.java:710) ~[grpc-core-1.69.0.jar!/:1.69.0]
== APP - rest-client == 	at io.grpc.internal.ContextRunnable.run(ContextRunnable.java:37) ~[grpc-core-1.69.0.jar!/:1.69.0]
== APP - rest-client == 	at io.grpc.internal.SerializingExecutor.run(SerializingExecutor.java:133) ~[grpc-core-1.69.0.jar!/:1.69.0]
== APP - rest-client == 	at java.base/java.util.concurrent.ThreadPoolExecutor.runWorker(ThreadPoolExecutor.java:1090) ~[na:na]
== APP - rest-client == 	at java.base/java.util.concurrent.ThreadPoolExecutor$Worker.run(ThreadPoolExecutor.java:614) ~[na:na]
== APP - rest-client == 	at java.base/java.lang.Thread.run(Thread.java:1474) ~[na:na]
== APP - rest-client == 
