Starting Dapr with id rest-client. HTTP Port: 52773. gRPC Port: 52774
Updating metadata for cliPID: 78491
time="2026-01-28T09:16:00.687185-05:00" level=info msg="Starting Dapr Runtime -- version 1.16.7 -- commit f47f8e13a6e39869ac2b01fe984ad2177e357445" app_id=rest-client instance=Zacharys-MacBook-Pro-2.local scope=dapr.runtime type=log ver=1.16.7
time="2026-01-28T09:16:00.687224-05:00" level=info msg="Log level set to: info" app_id=rest-client instance=Zacharys-MacBook-Pro-2.local scope=dapr.runtime type=log ver=1.16.7
time="2026-01-28T09:16:00.687318-05:00" level=warning msg="mTLS is disabled. Skipping certificate request and tls validation" app_id=rest-client instance=Zacharys-MacBook-Pro-2.local scope=dapr.runtime.security type=log ver=1.16.7
time="2026-01-28T09:16:00.687701-05:00" level=info msg="Enabled features: SchedulerReminders" app_id=rest-client instance=Zacharys-MacBook-Pro-2.local scope=dapr.runtime type=log ver=1.16.7
time="2026-01-28T09:16:00.687765-05:00" level=info msg="metric spec: {\"enabled\":true}" app_id=rest-client instance=Zacharys-MacBook-Pro-2.local scope=dapr.runtime.diagnostics type=log ver=1.16.7
time="2026-01-28T09:16:00.687788-05:00" level=info msg="Using default latency distribution buckets: [1 2 3 4 5 6 8 10 13 16 20 25 30 40 50 65 80 100 130 160 200 250 300 400 500 650 800 1000 2000 5000 10000 20000 50000 100000]" app_id=rest-client instance=Zacharys-MacBook-Pro-2.local scope=dapr.runtime.diagnostics type=log ver=1.16.7
time="2026-01-28T09:16:00.687864-05:00" level=warning msg="The default value for 'spec.metric.http.increasedCardinality' will change to 'false' in Dapr 1.15 or later" app_id=rest-client instance=Zacharys-MacBook-Pro-2.local scope=dapr.runtime.diagnostics type=log ver=1.16.7
time="2026-01-28T09:16:00.688183-05:00" level=info msg="standalone mode configured" app_id=rest-client instance=Zacharys-MacBook-Pro-2.local scope=dapr.runtime type=log ver=1.16.7
time="2026-01-28T09:16:00.688197-05:00" level=info msg="app id: rest-client" app_id=rest-client instance=Zacharys-MacBook-Pro-2.local scope=dapr.runtime type=log ver=1.16.7
time="2026-01-28T09:16:00.688359-05:00" level=info msg="Dapr trace sampler initialized: ParentBased{root:AlwaysOnSampler,remoteParentSampled:AlwaysOnSampler,remoteParentNotSampled:AlwaysOffSampler,localParentSampled:AlwaysOnSampler,localParentNotSampled:AlwaysOffSampler}" app_id=rest-client instance=Zacharys-MacBook-Pro-2.local scope=dapr.runtime type=log ver=1.16.7
time="2026-01-28T09:16:00.688398-05:00" level=info msg="metrics server started on 0.0.0.0:52775/" app_id=rest-client instance=Zacharys-MacBook-Pro-2.local scope=dapr.runtime type=log ver=1.16.7
time="2026-01-28T09:16:00.689052-05:00" level=info msg="local service entry announced: rest-client -> 192.168.11.124:52776" app_id=rest-client component="nr (mdns/v1)" instance=Zacharys-MacBook-Pro-2.local scope=dapr.contrib type=log ver=1.16.7
time="2026-01-28T09:16:00.689083-05:00" level=info msg="Initialized name resolution to mdns" app_id=rest-client instance=Zacharys-MacBook-Pro-2.local scope=dapr.runtime type=log ver=1.16.7
time="2026-01-28T09:16:00.689199-05:00" level=info msg="Loading components…" app_id=rest-client instance=Zacharys-MacBook-Pro-2.local scope=dapr.runtime type=log ver=1.16.7
time="2026-01-28T09:16:00.689498-05:00" level=info msg="Waiting for all outstanding components to be processed…" app_id=rest-client instance=Zacharys-MacBook-Pro-2.local scope=dapr.runtime type=log ver=1.16.7
time="2026-01-28T09:16:00.692919-05:00" level=info msg="Connected and received scheduler hosts addresses: [localhost:50006]" app_id=rest-client instance=Zacharys-MacBook-Pro-2.local scope=dapr.runtime.scheduler.watchhosts type=log ver=1.16.7
time="2026-01-28T09:16:00.693034-05:00" level=info msg="Scheduler client initialized for address: localhost:50006" app_id=rest-client instance=Zacharys-MacBook-Pro-2.local scope=dapr.runtime.scheduler.clients type=log ver=1.16.7
time="2026-01-28T09:16:00.693047-05:00" level=info msg="Scheduler clients initialized" app_id=rest-client instance=Zacharys-MacBook-Pro-2.local scope=dapr.runtime.scheduler.clients type=log ver=1.16.7
time="2026-01-28T09:16:00.695363-05:00" level=info msg="Using 'statestore' as actor state store" app_id=rest-client instance=Zacharys-MacBook-Pro-2.local scope=dapr.runtime.processor.state type=log ver=1.16.7
time="2026-01-28T09:16:00.695396-05:00" level=info msg="Component loaded: statestore (state.redis/v1)" app_id=rest-client instance=Zacharys-MacBook-Pro-2.local scope=dapr.runtime.processor type=log ver=1.16.7
time="2026-01-28T09:16:00.695411-05:00" level=info msg="All outstanding components processed" app_id=rest-client instance=Zacharys-MacBook-Pro-2.local scope=dapr.runtime type=log ver=1.16.7
time="2026-01-28T09:16:00.695422-05:00" level=info msg="Loading endpoints…" app_id=rest-client instance=Zacharys-MacBook-Pro-2.local scope=dapr.runtime type=log ver=1.16.7
time="2026-01-28T09:16:00.695563-05:00" level=info msg="Waiting for all outstanding http endpoints to be processed…" app_id=rest-client instance=Zacharys-MacBook-Pro-2.local scope=dapr.runtime type=log ver=1.16.7
time="2026-01-28T09:16:00.695574-05:00" level=info msg="All outstanding http endpoints processed" app_id=rest-client instance=Zacharys-MacBook-Pro-2.local scope=dapr.runtime type=log ver=1.16.7
time="2026-01-28T09:16:00.695583-05:00" level=info msg="Loading Declarative Subscriptions…" app_id=rest-client instance=Zacharys-MacBook-Pro-2.local scope=dapr.runtime type=log ver=1.16.7
time="2026-01-28T09:16:00.695797-05:00" level=info msg="gRPC server listening on TCP address: :52774" app_id=rest-client instance=Zacharys-MacBook-Pro-2.local scope=dapr.runtime.grpc.api type=log ver=1.16.7
time="2026-01-28T09:16:00.695809-05:00" level=info msg="Enabled gRPC tracing middleware" app_id=rest-client instance=Zacharys-MacBook-Pro-2.local scope=dapr.runtime.grpc.api type=log ver=1.16.7
time="2026-01-28T09:16:00.695814-05:00" level=info msg="Enabled gRPC metrics middleware" app_id=rest-client instance=Zacharys-MacBook-Pro-2.local scope=dapr.runtime.grpc.api type=log ver=1.16.7
time="2026-01-28T09:16:00.695855-05:00" level=info msg="Registering workflow engine for gRPC endpoint: [::]:52774" app_id=rest-client instance=Zacharys-MacBook-Pro-2.local scope=dapr.runtime.grpc.api type=log ver=1.16.7
time="2026-01-28T09:16:00.695876-05:00" level=info msg="API gRPC server is running on port 52774" app_id=rest-client instance=Zacharys-MacBook-Pro-2.local scope=dapr.runtime type=log ver=1.16.7
time="2026-01-28T09:16:00.695892-05:00" level=warning msg="The default value for 'spec.metric.http.increasedCardinality' will change to 'false' in Dapr 1.15 or later" app_id=rest-client instance=Zacharys-MacBook-Pro-2.local scope=dapr.runtime.http type=log ver=1.16.7
time="2026-01-28T09:16:00.695942-05:00" level=info msg="Enabled max body size HTTP middleware with size 4194304 bytes" app_id=rest-client instance=Zacharys-MacBook-Pro-2.local scope=dapr.runtime.http type=log ver=1.16.7
time="2026-01-28T09:16:00.695951-05:00" level=info msg="Enabled tracing HTTP middleware" app_id=rest-client instance=Zacharys-MacBook-Pro-2.local scope=dapr.runtime.http type=log ver=1.16.7
time="2026-01-28T09:16:00.695957-05:00" level=info msg="Enabled metrics HTTP middleware" app_id=rest-client instance=Zacharys-MacBook-Pro-2.local scope=dapr.runtime.http type=log ver=1.16.7
time="2026-01-28T09:16:00.696131-05:00" level=info msg="HTTP server listening on TCP address: :52773" app_id=rest-client instance=Zacharys-MacBook-Pro-2.local scope=dapr.runtime.http type=log ver=1.16.7
time="2026-01-28T09:16:00.696144-05:00" level=info msg="HTTP server is running on port 52773" app_id=rest-client instance=Zacharys-MacBook-Pro-2.local scope=dapr.runtime type=log ver=1.16.7
time="2026-01-28T09:16:00.696154-05:00" level=info msg="The request body size parameter is: 4194304 bytes" app_id=rest-client instance=Zacharys-MacBook-Pro-2.local scope=dapr.runtime type=log ver=1.16.7
time="2026-01-28T09:16:00.696199-05:00" level=info msg="gRPC server listening on TCP address: :52776" app_id=rest-client instance=Zacharys-MacBook-Pro-2.local scope=dapr.runtime.grpc.internal type=log ver=1.16.7
time="2026-01-28T09:16:00.696212-05:00" level=info msg="Enabled gRPC tracing middleware" app_id=rest-client instance=Zacharys-MacBook-Pro-2.local scope=dapr.runtime.grpc.internal type=log ver=1.16.7
time="2026-01-28T09:16:00.696216-05:00" level=info msg="Enabled gRPC metrics middleware" app_id=rest-client instance=Zacharys-MacBook-Pro-2.local scope=dapr.runtime.grpc.internal type=log ver=1.16.7
time="2026-01-28T09:16:00.696234-05:00" level=info msg="Internal gRPC server is running on :52776" app_id=rest-client instance=Zacharys-MacBook-Pro-2.local scope=dapr.runtime type=log ver=1.16.7
time="2026-01-28T09:16:00.696241-05:00" level=info msg="application protocol: http. waiting on port 9001.  This will block until the app is listening on that port." app_id=rest-client instance=Zacharys-MacBook-Pro-2.local scope=dapr.runtime type=log ver=1.16.7
Updating metadata for app command: java -jar target/RestClient-0.0.1-SNAPSHOT.jar
Updating metadata for appPID: 78495
You're up and running! Dapr logs will appear here.

time="2026-01-28T09:16:02.008106-05:00" level=info msg="application discovered on port 9001" app_id=rest-client instance=Zacharys-MacBook-Pro-2.local scope=dapr.runtime type=log ver=1.16.7
time="2026-01-28T09:16:02.008367-05:00" level=info msg="Using Scheduler service for reminders." app_id=rest-client instance=Zacharys-MacBook-Pro-2.local scope=dapr.runtime.actor.reminders.scheduler type=log ver=1.16.7
time="2026-01-28T09:16:02.008453-05:00" level=info msg="Actor runtime started" app_id=rest-client instance=Zacharys-MacBook-Pro-2.local scope=dapr.runtime.actor type=log ver=1.16.7
time="2026-01-28T09:16:02.008473-05:00" level=info msg="worker started with backend dapr.actors/v1" app_id=rest-client instance=Zacharys-MacBook-Pro-2.local scope=dapr.wfengine.durabletask.backend type=log ver=1.16.7
time="2026-01-28T09:16:02.00851-05:00" level=warning msg="Graceful shutdown timeout is infinite, will wait indefinitely to shutdown" app_id=rest-client instance=Zacharys-MacBook-Pro-2.local scope=dapr.runtime.actor type=log ver=1.16.7
time="2026-01-28T09:16:02.008573-05:00" level=info msg="Workflow engine started" app_id=rest-client instance=Zacharys-MacBook-Pro-2.local scope=dapr.runtime.wfengine type=log ver=1.16.7
time="2026-01-28T09:16:02.069923-05:00" level=info msg="Application configuration loaded" app_id=rest-client instance=Zacharys-MacBook-Pro-2.local scope=dapr.runtime type=log ver=1.16.7
time="2026-01-28T09:16:02.069984-05:00" level=info msg="dapr initialized. Status: Running. Init Elapsed 1381ms" app_id=rest-client instance=Zacharys-MacBook-Pro-2.local scope=dapr.runtime type=log ver=1.16.7
time="2026-01-28T09:16:02.070057-05:00" level=info msg="Reporting actor types: []" app_id=rest-client instance=Zacharys-MacBook-Pro-2.local scope=dapr.runtime.actors.placement type=log ver=1.16.7
time="2026-01-28T09:16:02.070155-05:00" level=info msg="Connected to placement localhost:50005" app_id=rest-client instance=Zacharys-MacBook-Pro-2.local scope=dapr.runtime.actors.placement.client.connector.static type=log ver=1.16.7
time="2026-01-28T09:16:02.070207-05:00" level=info msg="Scheduler stream connected for [JOB_TARGET_TYPE_JOB]" app_id=rest-client instance=Zacharys-MacBook-Pro-2.local scope=dapr.runtime.scheduler.cluster type=log ver=1.16.7
time="2026-01-28T09:16:02.070244-05:00" level=info msg="Scheduler stream connected for [JOB_TARGET_TYPE_JOB]" app_id=rest-client instance=Zacharys-MacBook-Pro-2.local scope=dapr.runtime.scheduler.cluster type=log ver=1.16.7
time="2026-01-28T09:16:02.070299-05:00" level=info msg="Scheduler stream connected for [JOB_TARGET_TYPE_JOB]" app_id=rest-client instance=Zacharys-MacBook-Pro-2.local scope=dapr.runtime.scheduler.cluster type=log ver=1.16.7
time="2026-01-28T09:16:02.072065-05:00" level=info msg="Connected to placement localhost:50005" app_id=rest-client instance=Zacharys-MacBook-Pro-2.local scope=dapr.runtime.actors.placement.client type=log ver=1.16.7
time="2026-01-28T09:16:02.073059-05:00" level=info msg="Placement tables updated, version: 24" app_id=rest-client instance=Zacharys-MacBook-Pro-2.local scope=dapr.runtime.actors.placement type=log ver=1.16.7
time="2026-01-28T09:16:02.074073-05:00" level=info msg="Running actor reminder migration from state store to scheduler" app_id=rest-client instance=Zacharys-MacBook-Pro-2.local scope=dapr.runtime.actors.reminders.migration type=log ver=1.16.7
time="2026-01-28T09:16:02.074084-05:00" level=info msg="Skipping migration, no missing scheduler reminders found" app_id=rest-client instance=Zacharys-MacBook-Pro-2.local scope=dapr.runtime.actors.reminders.migration type=log ver=1.16.7
time="2026-01-28T09:16:02.07409-05:00" level=info msg="Found 0 missing scheduler reminders from state store" app_id=rest-client instance=Zacharys-MacBook-Pro-2.local scope=dapr.runtime.actors.reminders.migration type=log ver=1.16.7
time="2026-01-28T09:16:02.074096-05:00" level=info msg="Migrated 0 reminders from state store to scheduler successfully" app_id=rest-client instance=Zacharys-MacBook-Pro-2.local scope=dapr.runtime.actors.reminders.migration type=log ver=1.16.7

termination signal received: shutting down
time="2026-01-28T09:16:41.878782-05:00" level=info msg="Received signal 'interrupt'; beginning shutdown" app_id=rest-client instance=Zacharys-MacBook-Pro-2.local scope=dapr.signals type=log ver=1.16.7
time="2026-01-28T09:16:41.879149-05:00" level=info msg="backend stopping..." app_id=rest-client instance=Zacharys-MacBook-Pro-2.local scope=dapr.wfengine.durabletask.backend type=log ver=1.16.7
time="2026-01-28T09:16:41.879207-05:00" level=info msg="workers stopping and draining..." app_id=rest-client instance=Zacharys-MacBook-Pro-2.local scope=dapr.wfengine.durabletask.backend type=log ver=1.16.7
Exited Dapr successfully
Exited App successfully
