Starting Dapr with id rest-client. HTTP Port: 60251. gRPC Port: 60252
Updating metadata for cliPID: 56789
time="2026-01-27T08:47:30.727586-05:00" level=info msg="Starting Dapr Runtime -- version 1.16.7 -- commit f47f8e13a6e39869ac2b01fe984ad2177e357445" app_id=rest-client instance=Zacharys-MacBook-Pro-2.local scope=dapr.runtime type=log ver=1.16.7
time="2026-01-27T08:47:30.727633-05:00" level=info msg="Log level set to: info" app_id=rest-client instance=Zacharys-MacBook-Pro-2.local scope=dapr.runtime type=log ver=1.16.7
time="2026-01-27T08:47:30.728964-05:00" level=warning msg="mTLS is disabled. Skipping certificate request and tls validation" app_id=rest-client instance=Zacharys-MacBook-Pro-2.local scope=dapr.runtime.security type=log ver=1.16.7
time="2026-01-27T08:47:30.73519-05:00" level=info msg="Enabled features: SchedulerReminders" app_id=rest-client instance=Zacharys-MacBook-Pro-2.local scope=dapr.runtime type=log ver=1.16.7
time="2026-01-27T08:47:30.735753-05:00" level=info msg="metric spec: {\"enabled\":true}" app_id=rest-client instance=Zacharys-MacBook-Pro-2.local scope=dapr.runtime.diagnostics type=log ver=1.16.7
time="2026-01-27T08:47:30.735798-05:00" level=info msg="Using default latency distribution buckets: [1 2 3 4 5 6 8 10 13 16 20 25 30 40 50 65 80 100 130 160 200 250 300 400 500 650 800 1000 2000 5000 10000 20000 50000 100000]" app_id=rest-client instance=Zacharys-MacBook-Pro-2.local scope=dapr.runtime.diagnostics type=log ver=1.16.7
time="2026-01-27T08:47:30.735891-05:00" level=warning msg="The default value for 'spec.metric.http.increasedCardinality' will change to 'false' in Dapr 1.15 or later" app_id=rest-client instance=Zacharys-MacBook-Pro-2.local scope=dapr.runtime.diagnostics type=log ver=1.16.7
time="2026-01-27T08:47:30.737872-05:00" level=info msg="standalone mode configured" app_id=rest-client instance=Zacharys-MacBook-Pro-2.local scope=dapr.runtime type=log ver=1.16.7
time="2026-01-27T08:47:30.737913-05:00" level=info msg="app id: rest-client" app_id=rest-client instance=Zacharys-MacBook-Pro-2.local scope=dapr.runtime type=log ver=1.16.7
time="2026-01-27T08:47:30.740335-05:00" level=info msg="metrics server started on 0.0.0.0:60253/" app_id=rest-client instance=Zacharys-MacBook-Pro-2.local scope=dapr.runtime type=log ver=1.16.7
time="2026-01-27T08:47:30.741571-05:00" level=info msg="Dapr trace sampler initialized: ParentBased{root:AlwaysOnSampler,remoteParentSampled:AlwaysOnSampler,remoteParentNotSampled:AlwaysOffSampler,localParentSampled:AlwaysOnSampler,localParentNotSampled:AlwaysOffSampler}" app_id=rest-client instance=Zacharys-MacBook-Pro-2.local scope=dapr.runtime type=log ver=1.16.7
time="2026-01-27T08:47:30.74385-05:00" level=info msg="local service entry announced: rest-client -> 192.168.11.124:60254" app_id=rest-client component="nr (mdns/v1)" instance=Zacharys-MacBook-Pro-2.local scope=dapr.contrib type=log ver=1.16.7
time="2026-01-27T08:47:30.743872-05:00" level=info msg="Initialized name resolution to mdns" app_id=rest-client instance=Zacharys-MacBook-Pro-2.local scope=dapr.runtime type=log ver=1.16.7
time="2026-01-27T08:47:30.744314-05:00" level=info msg="Loading components…" app_id=rest-client instance=Zacharys-MacBook-Pro-2.local scope=dapr.runtime type=log ver=1.16.7
time="2026-01-27T08:47:30.744685-05:00" level=info msg="Waiting for all outstanding components to be processed…" app_id=rest-client instance=Zacharys-MacBook-Pro-2.local scope=dapr.runtime type=log ver=1.16.7
time="2026-01-27T08:47:30.74843-05:00" level=info msg="Connected and received scheduler hosts addresses: [localhost:50006]" app_id=rest-client instance=Zacharys-MacBook-Pro-2.local scope=dapr.runtime.scheduler.watchhosts type=log ver=1.16.7
time="2026-01-27T08:47:30.748576-05:00" level=info msg="Scheduler client initialized for address: localhost:50006" app_id=rest-client instance=Zacharys-MacBook-Pro-2.local scope=dapr.runtime.scheduler.clients type=log ver=1.16.7
time="2026-01-27T08:47:30.748591-05:00" level=info msg="Scheduler clients initialized" app_id=rest-client instance=Zacharys-MacBook-Pro-2.local scope=dapr.runtime.scheduler.clients type=log ver=1.16.7
time="2026-01-27T08:47:30.753681-05:00" level=info msg="Using 'statestore' as actor state store" app_id=rest-client instance=Zacharys-MacBook-Pro-2.local scope=dapr.runtime.processor.state type=log ver=1.16.7
time="2026-01-27T08:47:30.753732-05:00" level=info msg="Component loaded: statestore (state.redis/v1)" app_id=rest-client instance=Zacharys-MacBook-Pro-2.local scope=dapr.runtime.processor type=log ver=1.16.7
time="2026-01-27T08:47:30.75375-05:00" level=info msg="All outstanding components processed" app_id=rest-client instance=Zacharys-MacBook-Pro-2.local scope=dapr.runtime type=log ver=1.16.7
time="2026-01-27T08:47:30.753759-05:00" level=info msg="Loading endpoints…" app_id=rest-client instance=Zacharys-MacBook-Pro-2.local scope=dapr.runtime type=log ver=1.16.7
time="2026-01-27T08:47:30.753874-05:00" level=info msg="Waiting for all outstanding http endpoints to be processed…" app_id=rest-client instance=Zacharys-MacBook-Pro-2.local scope=dapr.runtime type=log ver=1.16.7
time="2026-01-27T08:47:30.753885-05:00" level=info msg="All outstanding http endpoints processed" app_id=rest-client instance=Zacharys-MacBook-Pro-2.local scope=dapr.runtime type=log ver=1.16.7
time="2026-01-27T08:47:30.754045-05:00" level=info msg="Loading Declarative Subscriptions…" app_id=rest-client instance=Zacharys-MacBook-Pro-2.local scope=dapr.runtime type=log ver=1.16.7
time="2026-01-27T08:47:30.754557-05:00" level=info msg="gRPC server listening on TCP address: :60252" app_id=rest-client instance=Zacharys-MacBook-Pro-2.local scope=dapr.runtime.grpc.api type=log ver=1.16.7
time="2026-01-27T08:47:30.754721-05:00" level=info msg="Enabled gRPC tracing middleware" app_id=rest-client instance=Zacharys-MacBook-Pro-2.local scope=dapr.runtime.grpc.api type=log ver=1.16.7
time="2026-01-27T08:47:30.754735-05:00" level=info msg="Enabled gRPC metrics middleware" app_id=rest-client instance=Zacharys-MacBook-Pro-2.local scope=dapr.runtime.grpc.api type=log ver=1.16.7
time="2026-01-27T08:47:30.755063-05:00" level=info msg="Registering workflow engine for gRPC endpoint: [::]:60252" app_id=rest-client instance=Zacharys-MacBook-Pro-2.local scope=dapr.runtime.grpc.api type=log ver=1.16.7
time="2026-01-27T08:47:30.755405-05:00" level=info msg="API gRPC server is running on port 60252" app_id=rest-client instance=Zacharys-MacBook-Pro-2.local scope=dapr.runtime type=log ver=1.16.7
time="2026-01-27T08:47:30.755611-05:00" level=warning msg="The default value for 'spec.metric.http.increasedCardinality' will change to 'false' in Dapr 1.15 or later" app_id=rest-client instance=Zacharys-MacBook-Pro-2.local scope=dapr.runtime.http type=log ver=1.16.7
time="2026-01-27T08:47:30.756056-05:00" level=info msg="Enabled max body size HTTP middleware with size 4194304 bytes" app_id=rest-client instance=Zacharys-MacBook-Pro-2.local scope=dapr.runtime.http type=log ver=1.16.7
time="2026-01-27T08:47:30.756067-05:00" level=info msg="Enabled tracing HTTP middleware" app_id=rest-client instance=Zacharys-MacBook-Pro-2.local scope=dapr.runtime.http type=log ver=1.16.7
time="2026-01-27T08:47:30.756073-05:00" level=info msg="Enabled metrics HTTP middleware" app_id=rest-client instance=Zacharys-MacBook-Pro-2.local scope=dapr.runtime.http type=log ver=1.16.7
time="2026-01-27T08:47:30.756335-05:00" level=info msg="HTTP server listening on TCP address: :60251" app_id=rest-client instance=Zacharys-MacBook-Pro-2.local scope=dapr.runtime.http type=log ver=1.16.7
time="2026-01-27T08:47:30.75683-05:00" level=info msg="HTTP server is running on port 60251" app_id=rest-client instance=Zacharys-MacBook-Pro-2.local scope=dapr.runtime type=log ver=1.16.7
time="2026-01-27T08:47:30.756853-05:00" level=info msg="The request body size parameter is: 4194304 bytes" app_id=rest-client instance=Zacharys-MacBook-Pro-2.local scope=dapr.runtime type=log ver=1.16.7
time="2026-01-27T08:47:30.756904-05:00" level=info msg="gRPC server listening on TCP address: :60254" app_id=rest-client instance=Zacharys-MacBook-Pro-2.local scope=dapr.runtime.grpc.internal type=log ver=1.16.7
time="2026-01-27T08:47:30.756924-05:00" level=info msg="Enabled gRPC tracing middleware" app_id=rest-client instance=Zacharys-MacBook-Pro-2.local scope=dapr.runtime.grpc.internal type=log ver=1.16.7
time="2026-01-27T08:47:30.756932-05:00" level=info msg="Enabled gRPC metrics middleware" app_id=rest-client instance=Zacharys-MacBook-Pro-2.local scope=dapr.runtime.grpc.internal type=log ver=1.16.7
time="2026-01-27T08:47:30.756959-05:00" level=info msg="Internal gRPC server is running on :60254" app_id=rest-client instance=Zacharys-MacBook-Pro-2.local scope=dapr.runtime type=log ver=1.16.7
time="2026-01-27T08:47:30.756968-05:00" level=info msg="application protocol: http. waiting on port 9001.  This will block until the app is listening on that port." app_id=rest-client instance=Zacharys-MacBook-Pro-2.local scope=dapr.runtime type=log ver=1.16.7
Updating metadata for app command: java -jar target/RestClient-0.0.1-SNAPSHOT.jar
Updating metadata for appPID: 56793
You're up and running! Dapr logs will appear here.

time="2026-01-27T08:47:32.17173-05:00" level=info msg="application discovered on port 9001" app_id=rest-client instance=Zacharys-MacBook-Pro-2.local scope=dapr.runtime type=log ver=1.16.7
time="2026-01-27T08:47:32.171968-05:00" level=info msg="Using Scheduler service for reminders." app_id=rest-client instance=Zacharys-MacBook-Pro-2.local scope=dapr.runtime.actor.reminders.scheduler type=log ver=1.16.7
time="2026-01-27T08:47:32.172038-05:00" level=info msg="Actor runtime started" app_id=rest-client instance=Zacharys-MacBook-Pro-2.local scope=dapr.runtime.actor type=log ver=1.16.7
time="2026-01-27T08:47:32.172056-05:00" level=info msg="worker started with backend dapr.actors/v1" app_id=rest-client instance=Zacharys-MacBook-Pro-2.local scope=dapr.wfengine.durabletask.backend type=log ver=1.16.7
time="2026-01-27T08:47:32.172086-05:00" level=warning msg="Graceful shutdown timeout is infinite, will wait indefinitely to shutdown" app_id=rest-client instance=Zacharys-MacBook-Pro-2.local scope=dapr.runtime.actor type=log ver=1.16.7
time="2026-01-27T08:47:32.172508-05:00" level=info msg="Workflow engine started" app_id=rest-client instance=Zacharys-MacBook-Pro-2.local scope=dapr.runtime.wfengine type=log ver=1.16.7
time="2026-01-27T08:47:32.237133-05:00" level=info msg="Application configuration loaded" app_id=rest-client instance=Zacharys-MacBook-Pro-2.local scope=dapr.runtime type=log ver=1.16.7
time="2026-01-27T08:47:32.237329-05:00" level=info msg="dapr initialized. Status: Running. Init Elapsed 1499ms" app_id=rest-client instance=Zacharys-MacBook-Pro-2.local scope=dapr.runtime type=log ver=1.16.7
time="2026-01-27T08:47:32.237625-05:00" level=info msg="Reporting actor types: []" app_id=rest-client instance=Zacharys-MacBook-Pro-2.local scope=dapr.runtime.actors.placement type=log ver=1.16.7
time="2026-01-27T08:47:32.237886-05:00" level=info msg="Connected to placement localhost:50005" app_id=rest-client instance=Zacharys-MacBook-Pro-2.local scope=dapr.runtime.actors.placement.client.connector.static type=log ver=1.16.7
time="2026-01-27T08:47:32.238274-05:00" level=info msg="Scheduler stream connected for [JOB_TARGET_TYPE_JOB]" app_id=rest-client instance=Zacharys-MacBook-Pro-2.local scope=dapr.runtime.scheduler.cluster type=log ver=1.16.7
time="2026-01-27T08:47:32.23828-05:00" level=info msg="Scheduler stream connected for [JOB_TARGET_TYPE_JOB]" app_id=rest-client instance=Zacharys-MacBook-Pro-2.local scope=dapr.runtime.scheduler.cluster type=log ver=1.16.7
time="2026-01-27T08:47:32.238287-05:00" level=info msg="Scheduler stream connected for [JOB_TARGET_TYPE_JOB]" app_id=rest-client instance=Zacharys-MacBook-Pro-2.local scope=dapr.runtime.scheduler.cluster type=log ver=1.16.7
time="2026-01-27T08:47:32.24409-05:00" level=info msg="Connected to placement localhost:50005" app_id=rest-client instance=Zacharys-MacBook-Pro-2.local scope=dapr.runtime.actors.placement.client type=log ver=1.16.7
time="2026-01-27T08:47:32.246702-05:00" level=info msg="Placement tables updated, version: 2" app_id=rest-client instance=Zacharys-MacBook-Pro-2.local scope=dapr.runtime.actors.placement type=log ver=1.16.7
time="2026-01-27T08:47:32.24674-05:00" level=info msg="Running actor reminder migration from state store to scheduler" app_id=rest-client instance=Zacharys-MacBook-Pro-2.local scope=dapr.runtime.actors.reminders.migration type=log ver=1.16.7
time="2026-01-27T08:47:32.246748-05:00" level=info msg="Skipping migration, no missing scheduler reminders found" app_id=rest-client instance=Zacharys-MacBook-Pro-2.local scope=dapr.runtime.actors.reminders.migration type=log ver=1.16.7
time="2026-01-27T08:47:32.246754-05:00" level=info msg="Found 0 missing scheduler reminders from state store" app_id=rest-client instance=Zacharys-MacBook-Pro-2.local scope=dapr.runtime.actors.reminders.migration type=log ver=1.16.7
time="2026-01-27T08:47:32.246759-05:00" level=info msg="Migrated 0 reminders from state store to scheduler successfully" app_id=rest-client instance=Zacharys-MacBook-Pro-2.local scope=dapr.runtime.actors.reminders.migration type=log ver=1.16.7

termination signal received: shutting down
time="2026-01-27T08:48:13.30503-05:00" level=info msg="Received signal 'interrupt'; beginning shutdown" app_id=rest-client instance=Zacharys-MacBook-Pro-2.local scope=dapr.signals type=log ver=1.16.7
time="2026-01-27T08:48:13.305425-05:00" level=info msg="backend stopping..." app_id=rest-client instance=Zacharys-MacBook-Pro-2.local scope=dapr.wfengine.durabletask.backend type=log ver=1.16.7
Exited Dapr successfully
Exited App successfully
