Starting Dapr with id rest-client. HTTP Port: 62518. gRPC Port: 62519
Updating metadata for cliPID: 19461
time="2026-01-27T14:02:06.796514-05:00" level=info msg="Starting Dapr Runtime -- version 1.16.7 -- commit f47f8e13a6e39869ac2b01fe984ad2177e357445" app_id=rest-client instance=Mac.nolongerbound scope=dapr.runtime type=log ver=1.16.7
time="2026-01-27T14:02:06.796589-05:00" level=info msg="Log level set to: info" app_id=rest-client instance=Mac.nolongerbound scope=dapr.runtime type=log ver=1.16.7
time="2026-01-27T14:02:06.797043-05:00" level=warning msg="mTLS is disabled. Skipping certificate request and tls validation" app_id=rest-client instance=Mac.nolongerbound scope=dapr.runtime.security type=log ver=1.16.7
time="2026-01-27T14:02:06.803477-05:00" level=info msg="Enabled features: SchedulerReminders" app_id=rest-client instance=Mac.nolongerbound scope=dapr.runtime type=log ver=1.16.7
time="2026-01-27T14:02:06.803973-05:00" level=info msg="metric spec: {\"enabled\":true}" app_id=rest-client instance=Mac.nolongerbound scope=dapr.runtime.diagnostics type=log ver=1.16.7
time="2026-01-27T14:02:06.804009-05:00" level=info msg="Using default latency distribution buckets: [1 2 3 4 5 6 8 10 13 16 20 25 30 40 50 65 80 100 130 160 200 250 300 400 500 650 800 1000 2000 5000 10000 20000 50000 100000]" app_id=rest-client instance=Mac.nolongerbound scope=dapr.runtime.diagnostics type=log ver=1.16.7
time="2026-01-27T14:02:06.80423-05:00" level=warning msg="The default value for 'spec.metric.http.increasedCardinality' will change to 'false' in Dapr 1.15 or later" app_id=rest-client instance=Mac.nolongerbound scope=dapr.runtime.diagnostics type=log ver=1.16.7
time="2026-01-27T14:02:06.805499-05:00" level=info msg="standalone mode configured" app_id=rest-client instance=Mac.nolongerbound scope=dapr.runtime type=log ver=1.16.7
time="2026-01-27T14:02:06.805528-05:00" level=info msg="app id: rest-client" app_id=rest-client instance=Mac.nolongerbound scope=dapr.runtime type=log ver=1.16.7
time="2026-01-27T14:02:06.808563-05:00" level=info msg="metrics server started on 0.0.0.0:62520/" app_id=rest-client instance=Mac.nolongerbound scope=dapr.runtime type=log ver=1.16.7
time="2026-01-27T14:02:06.809324-05:00" level=info msg="Dapr trace sampler initialized: ParentBased{root:AlwaysOnSampler,remoteParentSampled:AlwaysOnSampler,remoteParentNotSampled:AlwaysOffSampler,localParentSampled:AlwaysOnSampler,localParentNotSampled:AlwaysOffSampler}" app_id=rest-client instance=Mac.nolongerbound scope=dapr.runtime type=log ver=1.16.7
time="2026-01-27T14:02:06.811269-05:00" level=info msg="local service entry announced: rest-client -> 192.168.11.124:62521" app_id=rest-client component="nr (mdns/v1)" instance=Mac.nolongerbound scope=dapr.contrib type=log ver=1.16.7
time="2026-01-27T14:02:06.811289-05:00" level=info msg="Initialized name resolution to mdns" app_id=rest-client instance=Mac.nolongerbound scope=dapr.runtime type=log ver=1.16.7
time="2026-01-27T14:02:06.812229-05:00" level=info msg="Loading components…" app_id=rest-client instance=Mac.nolongerbound scope=dapr.runtime type=log ver=1.16.7
time="2026-01-27T14:02:06.812543-05:00" level=info msg="Waiting for all outstanding components to be processed…" app_id=rest-client instance=Mac.nolongerbound scope=dapr.runtime type=log ver=1.16.7
time="2026-01-27T14:02:06.817019-05:00" level=info msg="Connected and received scheduler hosts addresses: [localhost:50006]" app_id=rest-client instance=Mac.nolongerbound scope=dapr.runtime.scheduler.watchhosts type=log ver=1.16.7
time="2026-01-27T14:02:06.817105-05:00" level=info msg="Scheduler client initialized for address: localhost:50006" app_id=rest-client instance=Mac.nolongerbound scope=dapr.runtime.scheduler.clients type=log ver=1.16.7
time="2026-01-27T14:02:06.817122-05:00" level=info msg="Scheduler clients initialized" app_id=rest-client instance=Mac.nolongerbound scope=dapr.runtime.scheduler.clients type=log ver=1.16.7
time="2026-01-27T14:02:06.823047-05:00" level=info msg="Using 'statestore' as actor state store" app_id=rest-client instance=Mac.nolongerbound scope=dapr.runtime.processor.state type=log ver=1.16.7
time="2026-01-27T14:02:06.823284-05:00" level=info msg="Component loaded: statestore (state.redis/v1)" app_id=rest-client instance=Mac.nolongerbound scope=dapr.runtime.processor type=log ver=1.16.7
time="2026-01-27T14:02:06.823304-05:00" level=info msg="All outstanding components processed" app_id=rest-client instance=Mac.nolongerbound scope=dapr.runtime type=log ver=1.16.7
time="2026-01-27T14:02:06.823312-05:00" level=info msg="Loading endpoints…" app_id=rest-client instance=Mac.nolongerbound scope=dapr.runtime type=log ver=1.16.7
time="2026-01-27T14:02:06.823452-05:00" level=info msg="Waiting for all outstanding http endpoints to be processed…" app_id=rest-client instance=Mac.nolongerbound scope=dapr.runtime type=log ver=1.16.7
time="2026-01-27T14:02:06.823465-05:00" level=info msg="All outstanding http endpoints processed" app_id=rest-client instance=Mac.nolongerbound scope=dapr.runtime type=log ver=1.16.7
time="2026-01-27T14:02:06.823487-05:00" level=info msg="Loading Declarative Subscriptions…" app_id=rest-client instance=Mac.nolongerbound scope=dapr.runtime type=log ver=1.16.7
time="2026-01-27T14:02:06.824016-05:00" level=info msg="gRPC server listening on TCP address: :62519" app_id=rest-client instance=Mac.nolongerbound scope=dapr.runtime.grpc.api type=log ver=1.16.7
time="2026-01-27T14:02:06.824063-05:00" level=info msg="Enabled gRPC tracing middleware" app_id=rest-client instance=Mac.nolongerbound scope=dapr.runtime.grpc.api type=log ver=1.16.7
time="2026-01-27T14:02:06.824078-05:00" level=info msg="Enabled gRPC metrics middleware" app_id=rest-client instance=Mac.nolongerbound scope=dapr.runtime.grpc.api type=log ver=1.16.7
time="2026-01-27T14:02:06.824382-05:00" level=info msg="Registering workflow engine for gRPC endpoint: [::]:62519" app_id=rest-client instance=Mac.nolongerbound scope=dapr.runtime.grpc.api type=log ver=1.16.7
time="2026-01-27T14:02:06.8247-05:00" level=info msg="API gRPC server is running on port 62519" app_id=rest-client instance=Mac.nolongerbound scope=dapr.runtime type=log ver=1.16.7
time="2026-01-27T14:02:06.825139-05:00" level=warning msg="The default value for 'spec.metric.http.increasedCardinality' will change to 'false' in Dapr 1.15 or later" app_id=rest-client instance=Mac.nolongerbound scope=dapr.runtime.http type=log ver=1.16.7
time="2026-01-27T14:02:06.825212-05:00" level=info msg="Enabled max body size HTTP middleware with size 4194304 bytes" app_id=rest-client instance=Mac.nolongerbound scope=dapr.runtime.http type=log ver=1.16.7
time="2026-01-27T14:02:06.825221-05:00" level=info msg="Enabled tracing HTTP middleware" app_id=rest-client instance=Mac.nolongerbound scope=dapr.runtime.http type=log ver=1.16.7
time="2026-01-27T14:02:06.825227-05:00" level=info msg="Enabled metrics HTTP middleware" app_id=rest-client instance=Mac.nolongerbound scope=dapr.runtime.http type=log ver=1.16.7
time="2026-01-27T14:02:06.825569-05:00" level=info msg="HTTP server listening on TCP address: :62518" app_id=rest-client instance=Mac.nolongerbound scope=dapr.runtime.http type=log ver=1.16.7
time="2026-01-27T14:02:06.825806-05:00" level=info msg="HTTP server is running on port 62518" app_id=rest-client instance=Mac.nolongerbound scope=dapr.runtime type=log ver=1.16.7
time="2026-01-27T14:02:06.825819-05:00" level=info msg="The request body size parameter is: 4194304 bytes" app_id=rest-client instance=Mac.nolongerbound scope=dapr.runtime type=log ver=1.16.7
time="2026-01-27T14:02:06.825859-05:00" level=info msg="gRPC server listening on TCP address: :62521" app_id=rest-client instance=Mac.nolongerbound scope=dapr.runtime.grpc.internal type=log ver=1.16.7
time="2026-01-27T14:02:06.82587-05:00" level=info msg="Enabled gRPC tracing middleware" app_id=rest-client instance=Mac.nolongerbound scope=dapr.runtime.grpc.internal type=log ver=1.16.7
time="2026-01-27T14:02:06.82588-05:00" level=info msg="Enabled gRPC metrics middleware" app_id=rest-client instance=Mac.nolongerbound scope=dapr.runtime.grpc.internal type=log ver=1.16.7
time="2026-01-27T14:02:06.825898-05:00" level=info msg="Internal gRPC server is running on :62521" app_id=rest-client instance=Mac.nolongerbound scope=dapr.runtime type=log ver=1.16.7
time="2026-01-27T14:02:06.825911-05:00" level=info msg="application protocol: http. waiting on port 9001.  This will block until the app is listening on that port." app_id=rest-client instance=Mac.nolongerbound scope=dapr.runtime type=log ver=1.16.7
Updating metadata for app command: java -jar target/RestClient-0.0.1-SNAPSHOT.jar
Updating metadata for appPID: 19465
You're up and running! Dapr logs will appear here.

time="2026-01-27T14:02:08.039947-05:00" level=info msg="application discovered on port 9001" app_id=rest-client instance=Mac.nolongerbound scope=dapr.runtime type=log ver=1.16.7
time="2026-01-27T14:02:08.040099-05:00" level=info msg="Using Scheduler service for reminders." app_id=rest-client instance=Mac.nolongerbound scope=dapr.runtime.actor.reminders.scheduler type=log ver=1.16.7
time="2026-01-27T14:02:08.040188-05:00" level=info msg="Actor runtime started" app_id=rest-client instance=Mac.nolongerbound scope=dapr.runtime.actor type=log ver=1.16.7
time="2026-01-27T14:02:08.040399-05:00" level=info msg="worker started with backend dapr.actors/v1" app_id=rest-client instance=Mac.nolongerbound scope=dapr.wfengine.durabletask.backend type=log ver=1.16.7
time="2026-01-27T14:02:08.040216-05:00" level=warning msg="Graceful shutdown timeout is infinite, will wait indefinitely to shutdown" app_id=rest-client instance=Mac.nolongerbound scope=dapr.runtime.actor type=log ver=1.16.7
time="2026-01-27T14:02:08.040558-05:00" level=info msg="Workflow engine started" app_id=rest-client instance=Mac.nolongerbound scope=dapr.runtime.wfengine type=log ver=1.16.7
time="2026-01-27T14:02:08.105316-05:00" level=info msg="Application configuration loaded" app_id=rest-client instance=Mac.nolongerbound scope=dapr.runtime type=log ver=1.16.7
time="2026-01-27T14:02:08.105576-05:00" level=info msg="dapr initialized. Status: Running. Init Elapsed 1300ms" app_id=rest-client instance=Mac.nolongerbound scope=dapr.runtime type=log ver=1.16.7
time="2026-01-27T14:02:08.106018-05:00" level=info msg="Reporting actor types: []" app_id=rest-client instance=Mac.nolongerbound scope=dapr.runtime.actors.placement type=log ver=1.16.7
time="2026-01-27T14:02:08.106085-05:00" level=info msg="Connected to placement localhost:50005" app_id=rest-client instance=Mac.nolongerbound scope=dapr.runtime.actors.placement.client.connector.static type=log ver=1.16.7
time="2026-01-27T14:02:08.106497-05:00" level=info msg="Scheduler stream connected for [JOB_TARGET_TYPE_JOB]" app_id=rest-client instance=Mac.nolongerbound scope=dapr.runtime.scheduler.cluster type=log ver=1.16.7
time="2026-01-27T14:02:08.106504-05:00" level=info msg="Scheduler stream connected for [JOB_TARGET_TYPE_JOB]" app_id=rest-client instance=Mac.nolongerbound scope=dapr.runtime.scheduler.cluster type=log ver=1.16.7
time="2026-01-27T14:02:08.10651-05:00" level=info msg="Scheduler stream connected for [JOB_TARGET_TYPE_JOB]" app_id=rest-client instance=Mac.nolongerbound scope=dapr.runtime.scheduler.cluster type=log ver=1.16.7
time="2026-01-27T14:02:08.109312-05:00" level=info msg="Connected to placement localhost:50005" app_id=rest-client instance=Mac.nolongerbound scope=dapr.runtime.actors.placement.client type=log ver=1.16.7
time="2026-01-27T14:02:08.114498-05:00" level=info msg="Placement tables updated, version: 8" app_id=rest-client instance=Mac.nolongerbound scope=dapr.runtime.actors.placement type=log ver=1.16.7
time="2026-01-27T14:02:08.114533-05:00" level=info msg="Running actor reminder migration from state store to scheduler" app_id=rest-client instance=Mac.nolongerbound scope=dapr.runtime.actors.reminders.migration type=log ver=1.16.7
time="2026-01-27T14:02:08.114543-05:00" level=info msg="Skipping migration, no missing scheduler reminders found" app_id=rest-client instance=Mac.nolongerbound scope=dapr.runtime.actors.reminders.migration type=log ver=1.16.7
time="2026-01-27T14:02:08.114549-05:00" level=info msg="Found 0 missing scheduler reminders from state store" app_id=rest-client instance=Mac.nolongerbound scope=dapr.runtime.actors.reminders.migration type=log ver=1.16.7
time="2026-01-27T14:02:08.114563-05:00" level=info msg="Migrated 0 reminders from state store to scheduler successfully" app_id=rest-client instance=Mac.nolongerbound scope=dapr.runtime.actors.reminders.migration type=log ver=1.16.7
time="2026-01-27T14:02:25.936479-05:00" level=info msg="work item stream established by user-agent: [dapr-sdk-java/v1.16.0 grpc-java-netty/1.69.0]" app_id=rest-client instance=Mac.nolongerbound scope=dapr.runtime.wfengine type=log ver=1.16.7
time="2026-01-27T14:02:25.937172-05:00" level=info msg="Updating actor types: [dapr.internal.default.rest-client.activity dapr.internal.default.rest-client.workflow]" app_id=rest-client instance=Mac.nolongerbound scope=dapr.runtime.actors.placement type=log ver=1.16.7
time="2026-01-27T14:02:25.937258-05:00" level=info msg="Scheduler stream disconnected" app_id=rest-client instance=Mac.nolongerbound scope=dapr.runtime.scheduler.cluster type=log ver=1.16.7
time="2026-01-27T14:02:25.937268-05:00" level=info msg="Scheduler stream disconnected" app_id=rest-client instance=Mac.nolongerbound scope=dapr.runtime.scheduler.cluster type=log ver=1.16.7
time="2026-01-27T14:02:25.93729-05:00" level=info msg="Scheduler stream disconnected" app_id=rest-client instance=Mac.nolongerbound scope=dapr.runtime.scheduler.cluster type=log ver=1.16.7
time="2026-01-27T14:02:25.937391-05:00" level=info msg="Scheduler stream connected for [JOB_TARGET_TYPE_JOB]" app_id=rest-client instance=Mac.nolongerbound scope=dapr.runtime.scheduler.cluster type=log ver=1.16.7
time="2026-01-27T14:02:25.937394-05:00" level=info msg="Scheduler stream connected for [JOB_TARGET_TYPE_JOB]" app_id=rest-client instance=Mac.nolongerbound scope=dapr.runtime.scheduler.cluster type=log ver=1.16.7
time="2026-01-27T14:02:25.937403-05:00" level=info msg="Scheduler stream connected for [JOB_TARGET_TYPE_JOB]" app_id=rest-client instance=Mac.nolongerbound scope=dapr.runtime.scheduler.cluster type=log ver=1.16.7
time="2026-01-27T14:02:25.941129-05:00" level=info msg="Placement tables updated, version: 9" app_id=rest-client instance=Mac.nolongerbound scope=dapr.runtime.actors.placement type=log ver=1.16.7
time="2026-01-27T14:02:25.941175-05:00" level=info msg="Running actor reminder migration from state store to scheduler" app_id=rest-client instance=Mac.nolongerbound scope=dapr.runtime.actors.reminders.migration type=log ver=1.16.7
time="2026-01-27T14:02:25.941203-05:00" level=info msg="Scheduler stream disconnected" app_id=rest-client instance=Mac.nolongerbound scope=dapr.runtime.scheduler.cluster type=log ver=1.16.7
time="2026-01-27T14:02:25.941225-05:00" level=info msg="Scheduler stream disconnected" app_id=rest-client instance=Mac.nolongerbound scope=dapr.runtime.scheduler.cluster type=log ver=1.16.7
time="2026-01-27T14:02:25.941263-05:00" level=info msg="Scheduler stream disconnected" app_id=rest-client instance=Mac.nolongerbound scope=dapr.runtime.scheduler.cluster type=log ver=1.16.7
time="2026-01-27T14:02:25.941332-05:00" level=info msg="Scheduler stream connected for [JOB_TARGET_TYPE_JOB JOB_TARGET_TYPE_ACTOR_REMINDER]" app_id=rest-client instance=Mac.nolongerbound scope=dapr.runtime.scheduler.cluster type=log ver=1.16.7
time="2026-01-27T14:02:25.941347-05:00" level=info msg="Scheduler stream connected for [JOB_TARGET_TYPE_JOB JOB_TARGET_TYPE_ACTOR_REMINDER]" app_id=rest-client instance=Mac.nolongerbound scope=dapr.runtime.scheduler.cluster type=log ver=1.16.7
time="2026-01-27T14:02:25.941348-05:00" level=info msg="Scheduler stream connected for [JOB_TARGET_TYPE_JOB JOB_TARGET_TYPE_ACTOR_REMINDER]" app_id=rest-client instance=Mac.nolongerbound scope=dapr.runtime.scheduler.cluster type=log ver=1.16.7
time="2026-01-27T14:02:25.948245-05:00" level=info msg="Skipping migration, no missing scheduler reminders found" app_id=rest-client instance=Mac.nolongerbound scope=dapr.runtime.actors.reminders.migration type=log ver=1.16.7
time="2026-01-27T14:02:25.948279-05:00" level=info msg="Found 0 missing scheduler reminders from state store" app_id=rest-client instance=Mac.nolongerbound scope=dapr.runtime.actors.reminders.migration type=log ver=1.16.7
time="2026-01-27T14:02:25.948317-05:00" level=info msg="Migrated 0 reminders from state store to scheduler successfully" app_id=rest-client instance=Mac.nolongerbound scope=dapr.runtime.actors.reminders.migration type=log ver=1.16.7
time="2026-01-27T14:02:25.956508-05:00" level=warning msg="Redis does not support transaction rollbacks and should not be used in production as an actor state store." app_id=rest-client component="statestore (state.redis/v1)" instance=Mac.nolongerbound scope=dapr.contrib type=log ver=1.16.7
time="2026-01-27T14:02:25.962522-05:00" level=info msg="4f97083d-d28f-40b2-b540-beaa875953f7: starting new 'com.TicketApprovalWorkflow' instance with ID = '4f97083d-d28f-40b2-b540-beaa875953f7'." app_id=rest-client instance=Mac.nolongerbound scope=dapr.wfengine.durabletask.backend type=log ver=1.16.7
time="2026-01-27T14:02:26.042068-05:00" level=info msg="4f97083d-d28f-40b2-b540-beaa875953f7: 'com.TicketApprovalWorkflow' completed with a FAILED status." app_id=rest-client instance=Mac.nolongerbound scope=dapr.wfengine.durabletask.backend type=log ver=1.16.7
time="2026-01-27T14:02:26.044174-05:00" level=info msg="Workflow Actor '4f97083d-d28f-40b2-b540-beaa875953f7': workflow completed with status 'ORCHESTRATION_STATUS_FAILED' workflowName 'com.TicketApprovalWorkflow'" app_id=rest-client instance=Mac.nolongerbound scope=dapr.runtime.actors.targets.orchestrator type=log ver=1.16.7

termination signal received: shutting down
time="2026-01-27T14:02:53.701206-05:00" level=info msg="Received signal 'interrupt'; beginning shutdown" app_id=rest-client instance=Mac.nolongerbound scope=dapr.signals type=log ver=1.16.7
time="2026-01-27T14:02:53.701388-05:00" level=info msg="backend stopping..." app_id=rest-client instance=Mac.nolongerbound scope=dapr.wfengine.durabletask.backend type=log ver=1.16.7
time="2026-01-27T14:02:53.701517-05:00" level=info msg="workers stopping and draining..." app_id=rest-client instance=Mac.nolongerbound scope=dapr.wfengine.durabletask.backend type=log ver=1.16.7
time="2026-01-27T14:02:53.701558-05:00" level=info msg="Scheduler stream disconnected" app_id=rest-client instance=Mac.nolongerbound scope=dapr.runtime.scheduler.cluster type=log ver=1.16.7
Exited Dapr successfully
Exited App successfully
