Starting Dapr with id rest-client. HTTP Port: 54689. gRPC Port: 54690
Updating metadata for cliPID: 14922
time="2026-01-28T13:12:42.473527-05:00" level=info msg="Starting Dapr Runtime -- version 1.16.7 -- commit f47f8e13a6e39869ac2b01fe984ad2177e357445" app_id=rest-client instance=Zacharys-MacBook-Pro-2.local scope=dapr.runtime type=log ver=1.16.7
time="2026-01-28T13:12:42.473606-05:00" level=info msg="Log level set to: info" app_id=rest-client instance=Zacharys-MacBook-Pro-2.local scope=dapr.runtime type=log ver=1.16.7
time="2026-01-28T13:12:42.474098-05:00" level=warning msg="mTLS is disabled. Skipping certificate request and tls validation" app_id=rest-client instance=Zacharys-MacBook-Pro-2.local scope=dapr.runtime.security type=log ver=1.16.7
time="2026-01-28T13:12:42.480232-05:00" level=info msg="Enabled features: SchedulerReminders" app_id=rest-client instance=Zacharys-MacBook-Pro-2.local scope=dapr.runtime type=log ver=1.16.7
time="2026-01-28T13:12:42.480788-05:00" level=info msg="metric spec: {\"enabled\":true}" app_id=rest-client instance=Zacharys-MacBook-Pro-2.local scope=dapr.runtime.diagnostics type=log ver=1.16.7
time="2026-01-28T13:12:42.48114-05:00" level=info msg="Using default latency distribution buckets: [1 2 3 4 5 6 8 10 13 16 20 25 30 40 50 65 80 100 130 160 200 250 300 400 500 650 800 1000 2000 5000 10000 20000 50000 100000]" app_id=rest-client instance=Zacharys-MacBook-Pro-2.local scope=dapr.runtime.diagnostics type=log ver=1.16.7
time="2026-01-28T13:12:42.481388-05:00" level=warning msg="The default value for 'spec.metric.http.increasedCardinality' will change to 'false' in Dapr 1.15 or later" app_id=rest-client instance=Zacharys-MacBook-Pro-2.local scope=dapr.runtime.diagnostics type=log ver=1.16.7
time="2026-01-28T13:12:42.48394-05:00" level=info msg="standalone mode configured" app_id=rest-client instance=Zacharys-MacBook-Pro-2.local scope=dapr.runtime type=log ver=1.16.7
time="2026-01-28T13:12:42.483973-05:00" level=info msg="app id: rest-client" app_id=rest-client instance=Zacharys-MacBook-Pro-2.local scope=dapr.runtime type=log ver=1.16.7
time="2026-01-28T13:12:42.484339-05:00" level=info msg="metrics server started on 0.0.0.0:54691/" app_id=rest-client instance=Zacharys-MacBook-Pro-2.local scope=dapr.runtime type=log ver=1.16.7
time="2026-01-28T13:12:42.486767-05:00" level=info msg="Dapr trace sampler initialized: ParentBased{root:AlwaysOnSampler,remoteParentSampled:AlwaysOnSampler,remoteParentNotSampled:AlwaysOffSampler,localParentSampled:AlwaysOnSampler,localParentNotSampled:AlwaysOffSampler}" app_id=rest-client instance=Zacharys-MacBook-Pro-2.local scope=dapr.runtime type=log ver=1.16.7
time="2026-01-28T13:12:42.488178-05:00" level=info msg="local service entry announced: rest-client -> 192.168.11.124:54692" app_id=rest-client component="nr (mdns/v1)" instance=Zacharys-MacBook-Pro-2.local scope=dapr.contrib type=log ver=1.16.7
time="2026-01-28T13:12:42.488197-05:00" level=info msg="Initialized name resolution to mdns" app_id=rest-client instance=Zacharys-MacBook-Pro-2.local scope=dapr.runtime type=log ver=1.16.7
time="2026-01-28T13:12:42.488539-05:00" level=info msg="Loading components…" app_id=rest-client instance=Zacharys-MacBook-Pro-2.local scope=dapr.runtime type=log ver=1.16.7
time="2026-01-28T13:12:42.488915-05:00" level=info msg="Waiting for all outstanding components to be processed…" app_id=rest-client instance=Zacharys-MacBook-Pro-2.local scope=dapr.runtime type=log ver=1.16.7
time="2026-01-28T13:12:42.498818-05:00" level=info msg="Connected and received scheduler hosts addresses: [localhost:50006]" app_id=rest-client instance=Zacharys-MacBook-Pro-2.local scope=dapr.runtime.scheduler.watchhosts type=log ver=1.16.7
time="2026-01-28T13:12:42.498923-05:00" level=info msg="Scheduler client initialized for address: localhost:50006" app_id=rest-client instance=Zacharys-MacBook-Pro-2.local scope=dapr.runtime.scheduler.clients type=log ver=1.16.7
time="2026-01-28T13:12:42.498937-05:00" level=info msg="Scheduler clients initialized" app_id=rest-client instance=Zacharys-MacBook-Pro-2.local scope=dapr.runtime.scheduler.clients type=log ver=1.16.7
time="2026-01-28T13:12:42.499595-05:00" level=info msg="Using 'statestore' as actor state store" app_id=rest-client instance=Zacharys-MacBook-Pro-2.local scope=dapr.runtime.processor.state type=log ver=1.16.7
time="2026-01-28T13:12:42.499794-05:00" level=info msg="Component loaded: statestore (state.redis/v1)" app_id=rest-client instance=Zacharys-MacBook-Pro-2.local scope=dapr.runtime.processor type=log ver=1.16.7
time="2026-01-28T13:12:42.500023-05:00" level=info msg="All outstanding components processed" app_id=rest-client instance=Zacharys-MacBook-Pro-2.local scope=dapr.runtime type=log ver=1.16.7
time="2026-01-28T13:12:42.500033-05:00" level=info msg="Loading endpoints…" app_id=rest-client instance=Zacharys-MacBook-Pro-2.local scope=dapr.runtime type=log ver=1.16.7
time="2026-01-28T13:12:42.500176-05:00" level=info msg="Waiting for all outstanding http endpoints to be processed…" app_id=rest-client instance=Zacharys-MacBook-Pro-2.local scope=dapr.runtime type=log ver=1.16.7
time="2026-01-28T13:12:42.500194-05:00" level=info msg="All outstanding http endpoints processed" app_id=rest-client instance=Zacharys-MacBook-Pro-2.local scope=dapr.runtime type=log ver=1.16.7
time="2026-01-28T13:12:42.500331-05:00" level=info msg="Loading Declarative Subscriptions…" app_id=rest-client instance=Zacharys-MacBook-Pro-2.local scope=dapr.runtime type=log ver=1.16.7
time="2026-01-28T13:12:42.501099-05:00" level=info msg="gRPC server listening on TCP address: :54690" app_id=rest-client instance=Zacharys-MacBook-Pro-2.local scope=dapr.runtime.grpc.api type=log ver=1.16.7
time="2026-01-28T13:12:42.501128-05:00" level=info msg="Enabled token authentication on gRPC server" app_id=rest-client instance=Zacharys-MacBook-Pro-2.local scope=dapr.runtime.grpc.api type=log ver=1.16.7
time="2026-01-28T13:12:42.50118-05:00" level=info msg="Enabled gRPC tracing middleware" app_id=rest-client instance=Zacharys-MacBook-Pro-2.local scope=dapr.runtime.grpc.api type=log ver=1.16.7
time="2026-01-28T13:12:42.501188-05:00" level=info msg="Enabled gRPC metrics middleware" app_id=rest-client instance=Zacharys-MacBook-Pro-2.local scope=dapr.runtime.grpc.api type=log ver=1.16.7
time="2026-01-28T13:12:42.501891-05:00" level=info msg="Registering workflow engine for gRPC endpoint: [::]:54690" app_id=rest-client instance=Zacharys-MacBook-Pro-2.local scope=dapr.runtime.grpc.api type=log ver=1.16.7
time="2026-01-28T13:12:42.50264-05:00" level=info msg="API gRPC server is running on port 54690" app_id=rest-client instance=Zacharys-MacBook-Pro-2.local scope=dapr.runtime type=log ver=1.16.7
time="2026-01-28T13:12:42.502955-05:00" level=warning msg="The default value for 'spec.metric.http.increasedCardinality' will change to 'false' in Dapr 1.15 or later" app_id=rest-client instance=Zacharys-MacBook-Pro-2.local scope=dapr.runtime.http type=log ver=1.16.7
time="2026-01-28T13:12:42.503023-05:00" level=info msg="Enabled max body size HTTP middleware with size 4194304 bytes" app_id=rest-client instance=Zacharys-MacBook-Pro-2.local scope=dapr.runtime.http type=log ver=1.16.7
time="2026-01-28T13:12:42.503031-05:00" level=info msg="Enabled tracing HTTP middleware" app_id=rest-client instance=Zacharys-MacBook-Pro-2.local scope=dapr.runtime.http type=log ver=1.16.7
time="2026-01-28T13:12:42.503038-05:00" level=info msg="Enabled metrics HTTP middleware" app_id=rest-client instance=Zacharys-MacBook-Pro-2.local scope=dapr.runtime.http type=log ver=1.16.7
time="2026-01-28T13:12:42.503044-05:00" level=info msg="Enabled token authentication on HTTP server" app_id=rest-client instance=Zacharys-MacBook-Pro-2.local scope=dapr.runtime.http type=log ver=1.16.7
time="2026-01-28T13:12:42.50341-05:00" level=info msg="HTTP server listening on TCP address: :54689" app_id=rest-client instance=Zacharys-MacBook-Pro-2.local scope=dapr.runtime.http type=log ver=1.16.7
time="2026-01-28T13:12:42.50344-05:00" level=info msg="HTTP server is running on port 54689" app_id=rest-client instance=Zacharys-MacBook-Pro-2.local scope=dapr.runtime type=log ver=1.16.7
time="2026-01-28T13:12:42.503452-05:00" level=info msg="The request body size parameter is: 4194304 bytes" app_id=rest-client instance=Zacharys-MacBook-Pro-2.local scope=dapr.runtime type=log ver=1.16.7
time="2026-01-28T13:12:42.503476-05:00" level=info msg="gRPC server listening on TCP address: :54692" app_id=rest-client instance=Zacharys-MacBook-Pro-2.local scope=dapr.runtime.grpc.internal type=log ver=1.16.7
time="2026-01-28T13:12:42.503485-05:00" level=info msg="Enabled gRPC tracing middleware" app_id=rest-client instance=Zacharys-MacBook-Pro-2.local scope=dapr.runtime.grpc.internal type=log ver=1.16.7
time="2026-01-28T13:12:42.50349-05:00" level=info msg="Enabled gRPC metrics middleware" app_id=rest-client instance=Zacharys-MacBook-Pro-2.local scope=dapr.runtime.grpc.internal type=log ver=1.16.7
time="2026-01-28T13:12:42.503507-05:00" level=info msg="Internal gRPC server is running on :54692" app_id=rest-client instance=Zacharys-MacBook-Pro-2.local scope=dapr.runtime type=log ver=1.16.7
time="2026-01-28T13:12:42.503514-05:00" level=info msg="application protocol: http. waiting on port 9001.  This will block until the app is listening on that port." app_id=rest-client instance=Zacharys-MacBook-Pro-2.local scope=dapr.runtime type=log ver=1.16.7
Updating metadata for app command: java -jar target/RestClient-0.0.1-SNAPSHOT.jar
Updating metadata for appPID: 14926
You're up and running! Dapr logs will appear here.

time="2026-01-28T13:12:43.819936-05:00" level=info msg="application discovered on port 9001" app_id=rest-client instance=Zacharys-MacBook-Pro-2.local scope=dapr.runtime type=log ver=1.16.7
time="2026-01-28T13:12:43.820092-05:00" level=info msg="Using Scheduler service for reminders." app_id=rest-client instance=Zacharys-MacBook-Pro-2.local scope=dapr.runtime.actor.reminders.scheduler type=log ver=1.16.7
time="2026-01-28T13:12:43.820162-05:00" level=info msg="Actor runtime started" app_id=rest-client instance=Zacharys-MacBook-Pro-2.local scope=dapr.runtime.actor type=log ver=1.16.7
time="2026-01-28T13:12:43.820211-05:00" level=warning msg="Graceful shutdown timeout is infinite, will wait indefinitely to shutdown" app_id=rest-client instance=Zacharys-MacBook-Pro-2.local scope=dapr.runtime.actor type=log ver=1.16.7
time="2026-01-28T13:12:43.821136-05:00" level=info msg="worker started with backend dapr.actors/v1" app_id=rest-client instance=Zacharys-MacBook-Pro-2.local scope=dapr.wfengine.durabletask.backend type=log ver=1.16.7
time="2026-01-28T13:12:43.821324-05:00" level=info msg="Workflow engine started" app_id=rest-client instance=Zacharys-MacBook-Pro-2.local scope=dapr.runtime.wfengine type=log ver=1.16.7
time="2026-01-28T13:12:43.884181-05:00" level=info msg="Application configuration loaded" app_id=rest-client instance=Zacharys-MacBook-Pro-2.local scope=dapr.runtime type=log ver=1.16.7
time="2026-01-28T13:12:43.884428-05:00" level=info msg="dapr initialized. Status: Running. Init Elapsed 1401ms" app_id=rest-client instance=Zacharys-MacBook-Pro-2.local scope=dapr.runtime type=log ver=1.16.7
time="2026-01-28T13:12:43.884995-05:00" level=info msg="Connected to placement localhost:50005" app_id=rest-client instance=Zacharys-MacBook-Pro-2.local scope=dapr.runtime.actors.placement.client.connector.static type=log ver=1.16.7
time="2026-01-28T13:12:43.885021-05:00" level=info msg="Reporting actor types: []" app_id=rest-client instance=Zacharys-MacBook-Pro-2.local scope=dapr.runtime.actors.placement type=log ver=1.16.7
time="2026-01-28T13:12:43.885908-05:00" level=info msg="Scheduler stream connected for [JOB_TARGET_TYPE_JOB]" app_id=rest-client instance=Zacharys-MacBook-Pro-2.local scope=dapr.runtime.scheduler.cluster type=log ver=1.16.7
time="2026-01-28T13:12:43.885913-05:00" level=info msg="Scheduler stream connected for [JOB_TARGET_TYPE_JOB]" app_id=rest-client instance=Zacharys-MacBook-Pro-2.local scope=dapr.runtime.scheduler.cluster type=log ver=1.16.7
time="2026-01-28T13:12:43.885925-05:00" level=info msg="Scheduler stream connected for [JOB_TARGET_TYPE_JOB]" app_id=rest-client instance=Zacharys-MacBook-Pro-2.local scope=dapr.runtime.scheduler.cluster type=log ver=1.16.7
time="2026-01-28T13:12:43.888084-05:00" level=info msg="Connected to placement localhost:50005" app_id=rest-client instance=Zacharys-MacBook-Pro-2.local scope=dapr.runtime.actors.placement.client type=log ver=1.16.7
time="2026-01-28T13:12:43.889622-05:00" level=info msg="Placement tables updated, version: 24" app_id=rest-client instance=Zacharys-MacBook-Pro-2.local scope=dapr.runtime.actors.placement type=log ver=1.16.7
time="2026-01-28T13:12:43.88965-05:00" level=info msg="Running actor reminder migration from state store to scheduler" app_id=rest-client instance=Zacharys-MacBook-Pro-2.local scope=dapr.runtime.actors.reminders.migration type=log ver=1.16.7
time="2026-01-28T13:12:43.889659-05:00" level=info msg="Skipping migration, no missing scheduler reminders found" app_id=rest-client instance=Zacharys-MacBook-Pro-2.local scope=dapr.runtime.actors.reminders.migration type=log ver=1.16.7
time="2026-01-28T13:12:43.889665-05:00" level=info msg="Found 0 missing scheduler reminders from state store" app_id=rest-client instance=Zacharys-MacBook-Pro-2.local scope=dapr.runtime.actors.reminders.migration type=log ver=1.16.7
time="2026-01-28T13:12:43.889672-05:00" level=info msg="Migrated 0 reminders from state store to scheduler successfully" app_id=rest-client instance=Zacharys-MacBook-Pro-2.local scope=dapr.runtime.actors.reminders.migration type=log ver=1.16.7
